******************************************************************************
                  TI ARM Linker PC v20.2.7                     
******************************************************************************
>> Linked Fri Feb 27 00:13:08 2026

OUTPUT FILE NAME:   <wireless.out>
ENTRY POINT SYMBOL: "_c_int00_noargs"  address: 00003ab1


MEMORY CONFIGURATION

         name            origin    length      used     unused   attr    fill
----------------------  --------  ---------  --------  --------  ----  --------
  FLASH                 00000000   00040000  00003e28  0003c1d8  R  X
  SRAM                  20000000   00008000  0000275a  000058a6  RW X


SEGMENT ALLOCATION MAP

run origin  load origin   length   init length attrs members
----------  ----------- ---------- ----------- ----- -------
00000000    00000000    00003e28   00003e28    r-x
  00000000    00000000    0000026c   0000026c    r-- .intvecs
  0000026c    0000026c    00003974   00003974    r-x .text
  00003be0    00003be0    00000158   00000158    r-- .const
  00003d38    00003d38    000000f0   000000f0    r-- .cinit
20000000    20000000    0000275c   00000000    rw-
  20000000    20000000    00002216   00000000    rw- .bss
  20002218    20002218    00000400   00000000    rw- .stack
  20002618    20002618    00000144   00000000    rw- .data


SECTION ALLOCATION MAP

 output                                  attributes/
section   page    origin      length       input sections
--------  ----  ----------  ----------   ----------------
.intvecs   0    00000000    0000026c     
                  00000000    0000026c     tm4c123gh6pm_startup_ccs.obj (.intvecs)

.text      0    0000026c    00003974     
                  0000026c    00000b18     wireless.obj (.text)
                  00000d84    00000808     gpio.obj (.text)
                  0000158c    00000738     rtsv7M4_T_le_v4SPD16_eabi.lib : k_rem_pio2.c.obj (.text:__kernel_rem_pio2)
                  00001cc4    000005e0                                   : s_sin.c.obj (.text:sin)
                  000022a4    000004bc     shell_interface.obj (.text)
                  00002760    000003d4     interface_functions.obj (.text)
                  00002b34    000001b6     rtsv7M4_T_le_v4SPD16_eabi.lib : fd_add_t2.asm.obj (.text)
                  00002cea    00000002                                   : _lock.c.obj (.text:_nop)
                  00002cec    00000174                                   : k_sin.c.obj (.text:__kernel_sin)
                  00002e60    00000170                                   : k_cos.c.obj (.text:__kernel_cos)
                  00002fd0    00000164     uart0.obj (.text)
                  00003134    00000160     spi1.obj (.text)
                  00003294    00000110     rtsv7M4_T_le_v4SPD16_eabi.lib : s_scalbn.c.obj (.text:scalbn)
                  000033a4    000000fc                                   : fd_mul_t2.asm.obj (.text)
                  000034a0    000000f8                                   : s_floor.c.obj (.text:floor)
                  00003598    0000009c                                   : memcpy_t2.asm.obj (.text)
                  00003634    00000086                                   : fd_cmp_t2.asm.obj (.text:__aeabi_cdcmple)
                  000036ba    00000086                                   : fd_cmp_t2.asm.obj (.text:__aeabi_cdrcmple)
                  00003740    00000080                                   : s_floorf.c.obj (.text:floorf)
                  000037c0    0000007a                                   : memset_t2.asm.obj (.text)
                  0000383a    0000006e                                   : s_roundf.c.obj (.text:roundf)
                  000038a8    0000006e                                   : fd_tos_t2.asm.obj (.text)
                  00003916    00000002     --HOLE-- [fill = 0]
                  00003918    0000006c     main.obj (.text)
                  00003984    00000068     rtsv7M4_T_le_v4SPD16_eabi.lib : copy_decompress_lzss.c.obj (.text:decompress:lzss:__TI_decompress_lzss)
                  000039ec    00000048                                   : fd_toi_t2.asm.obj (.text)
                  00003a34    00000044                                   : autoinit.c.obj (.text:__TI_auto_init_nobinit_nopinit:__TI_auto_init_nobinit_nopinit)
                  00003a78    00000038                                   : fs_tod_t2.asm.obj (.text)
                  00003ab0    00000034                                   : boot_cortex_m.c.obj (.text:_c_int00_noargs:_c_int00_noargs)
                  00003ae4    00000034                                   : rand.c.obj (.text:rand)
                  00003b18    0000002e                                   : i_tofd_t2.asm.obj (.text)
                  00003b46    00000002     --HOLE-- [fill = 0]
                  00003b48    0000002c     systick.obj (.text)
                  00003b74    0000001c     clock80.obj (.text)
                  00003b90    0000001a     rtsv7M4_T_le_v4SPD16_eabi.lib : s_copysign.c.obj (.text:copysign)
                  00003baa    0000000e                                   : copy_decompress_none.c.obj (.text:decompress:none:__TI_decompress_none)
                  00003bb8    0000000c                                   : copy_zero_init.c.obj (.text:decompress:ZI:__TI_zero_init)
                  00003bc4    0000000c     tm4c123gh6pm_startup_ccs.obj (.text)
                  00003bd0    00000008     rtsv7M4_T_le_v4SPD16_eabi.lib : errno.c.obj (.text:__aeabi_errno_addr)
                  00003bd8    00000004                                   : pre_init.c.obj (.text:_system_pre_init)
                  00003bdc    00000004                                   : exit.c.obj (.text:abort:abort)

.const     0    00003be0    00000158     
                  00003be0    00000158     rtsv7M4_T_le_v4SPD16_eabi.lib : k_rem_pio2.c.obj (.const:$O1$$)

.cinit     0    00003d38    000000f0     
                  00003d38    000000ca     (.cinit..data.load) [load image, compression = lzss]
                  00003e02    00000002     --HOLE-- [fill = 0]
                  00003e04    0000000c     (__TI_handler_table)
                  00003e10    00000008     (.cinit..bss.load) [load image, compression = zero_init]
                  00003e18    00000010     (__TI_cinit_table)

.init_array 
*          0    00000000    00000000     UNINITIALIZED

.bss       0    20000000    00002216     UNINITIALIZED
                  20000000    00002000     (.common:sineDacTable)
                  20002000    00000100     (.common:input)
                  20002100    00000084     (.common:bufferI)
                  20002184    00000084     (.common:bufferQ)
                  20002208    00000004     (.common:dcI)
                  2000220c    00000004     (.common:dcQ)
                  20002210    00000002     (.common:rawI)
                  20002212    00000002     (.common:rawQ)
                  20002214    00000001     (.common:count)
                  20002215    00000001     (.common:filter)

.data      0    20002618    00000144     UNINITIALIZED
                  20002618    00000084     wireless.obj (.data:RRCfilter)
                  2000269c    00000040     wireless.obj (.data)
                  200026dc    00000020     wireless.obj (.data:Iqam)
                  200026fc    00000020     wireless.obj (.data:Qqam)
                  2000271c    00000010     wireless.obj (.data:Iepsk)
                  2000272c    00000010     wireless.obj (.data:Qepsk)
                  2000273c    00000008     rtsv7M4_T_le_v4SPD16_eabi.lib : _lock.c.obj (.data:$O1$$)
                  20002744    00000008     wireless.obj (.data:Iqpsk)
                  2000274c    00000008     wireless.obj (.data:Qqpsk)
                  20002754    00000004     rtsv7M4_T_le_v4SPD16_eabi.lib : errno.c.obj (.data)
                  20002758    00000004                                   : rand.c.obj (.data)

.stack     0    20002218    00000400     UNINITIALIZED
                  20002218    00000004     rtsv7M4_T_le_v4SPD16_eabi.lib : boot_cortex_m.c.obj (.stack)
                  2000221c    000003fc     --HOLE--

__llvm_prf_cnts 
*          0    20000000    00000000     UNINITIALIZED

MODULE SUMMARY

       Module                         code    ro data   rw data
       ------                         ----    -------   -------
    .\
       wireless.obj                   2840    0         8778   
       gpio.obj                       2056    0         0      
       shell_interface.obj            1212    0         256    
       interface_functions.obj        980     0         0      
       tm4c123gh6pm_startup_ccs.obj   12      620       0      
       uart0.obj                      356     0         0      
       spi1.obj                       352     0         0      
       main.obj                       108     0         0      
       systick.obj                    44      0         0      
       clock80.obj                    28      0         0      
    +--+------------------------------+-------+---------+---------+
       Total:                         7988    620       9034   
                                                               
    C:\ti\ccs1281\ccs\tools\compiler\ti-cgt-arm_20.2.7.LTS\lib\rtsv7M4_T_le_v4SPD16_eabi.lib
       k_rem_pio2.c.obj               1848    344       0      
       s_sin.c.obj                    1504    0         0      
       fd_add_t2.asm.obj              438     0         0      
       k_sin.c.obj                    372     0         0      
       k_cos.c.obj                    368     0         0      
       s_scalbn.c.obj                 272     0         0      
       fd_cmp_t2.asm.obj              268     0         0      
       fd_mul_t2.asm.obj              252     0         0      
       s_floor.c.obj                  248     0         0      
       memcpy_t2.asm.obj              156     0         0      
       s_floorf.c.obj                 128     0         0      
       memset_t2.asm.obj              122     0         0      
       fd_tos_t2.asm.obj              110     0         0      
       s_roundf.c.obj                 110     0         0      
       copy_decompress_lzss.c.obj     104     0         0      
       fd_toi_t2.asm.obj              72      0         0      
       autoinit.c.obj                 68      0         0      
       fs_tod_t2.asm.obj              56      0         0      
       rand.c.obj                     52      0         4      
       boot_cortex_m.c.obj            52      0         0      
       i_tofd_t2.asm.obj              46      0         0      
       s_copysign.c.obj               26      0         0      
       copy_decompress_none.c.obj     14      0         0      
       copy_zero_init.c.obj           12      0         0      
       errno.c.obj                    8       0         4      
       _lock.c.obj                    2       0         8      
       exit.c.obj                     4       0         0      
       pre_init.c.obj                 4       0         0      
    +--+------------------------------+-------+---------+---------+
       Total:                         6716    344       16     
                                                               
       Stack:                         0       0         1024   
       Linker Generated:              0       238       0      
    +--+------------------------------+-------+---------+---------+
       Grand Total:                   14704   1202      10074  


LINKER GENERATED COPY TABLES

__TI_cinit_table @ 00003e18 records: 2, size/record: 8, table size: 16
	.data: load addr=00003d38, load size=000000ca bytes, run addr=20002618, run size=00000144 bytes, compression=lzss
	.bss: load addr=00003e10, load size=00000008 bytes, run addr=20000000, run size=00002216 bytes, compression=zero_init


LINKER GENERATED HANDLER TABLE

__TI_handler_table @ 00003e04 records: 3, size/record: 4, table size: 12
	index: 0, handler: __TI_decompress_lzss
	index: 1, handler: __TI_decompress_none
	index: 2, handler: __TI_zero_init


GLOBAL SYMBOLS: SORTED ALPHABETICALLY BY Name 

address   name                          
-------   ----                          
00003bdd  C$$EXIT                       
00002a81  HexToU32                      
00000469  ISR                           
2000271c  Iepsk                         
200026dc  Iqam                          
20002744  Iqpsk                         
000029a9  LenOfStr                      
2000272c  Qepsk                         
200026fc  Qqam                          
2000274c  Qqpsk                         
20002618  RRCfilter                     
00003bc5  ResetISR                      
000029cd  Stringcmpr                    
20002618  __STACK_END                   
00000400  __STACK_SIZE                  
20002418  __STACK_TOP                   
00003e18  __TI_CINIT_Base               
00003e28  __TI_CINIT_Limit              
00003e04  __TI_Handler_Table_Base       
00003e10  __TI_Handler_Table_Limit      
00003a35  __TI_auto_init_nobinit_nopinit
00003985  __TI_decompress_lzss          
00003bab  __TI_decompress_none          
ffffffff  __TI_pprof_out_hndl           
ffffffff  __TI_prof_data_size           
ffffffff  __TI_prof_data_start          
00000000  __TI_static_base__            
00003bb9  __TI_zero_init                
00003635  __aeabi_cdcmpeq               
00003635  __aeabi_cdcmple               
000036bb  __aeabi_cdrcmple              
000038a9  __aeabi_d2f                   
000039ed  __aeabi_d2iz                  
00002b3f  __aeabi_dadd                  
000033a5  __aeabi_dmul                  
00002b35  __aeabi_dsub                  
00003bd1  __aeabi_errno_addr            
00003a79  __aeabi_f2d                   
00003b19  __aeabi_i2d                   
000037c1  __aeabi_memclr                
000037c1  __aeabi_memclr4               
000037c1  __aeabi_memclr8               
00003599  __aeabi_memcpy                
00003599  __aeabi_memcpy4               
00003599  __aeabi_memcpy8               
000037c3  __aeabi_memset                
000037c3  __aeabi_memset4               
000037c3  __aeabi_memset8               
ffffffff  __binit__                     
ffffffff  __c_args__                    
00002e61  __kernel_cos                  
0000158d  __kernel_rem_pio2             
00002ced  __kernel_sin                  
UNDEFED   __mpu_init                    
20002218  __stack                       
20000000  __start___llvm_prf_cnts       
20000000  __stop___llvm_prf_cnts        
00003ab1  _c_int00_noargs               
2000273c  _lock                         
00002ceb  _nop                          
UNDEFED   _system_post_cinit            
00003bd9  _system_pre_init              
20002740  _unlock                       
00003bdd  abort                         
ffffffff  binit                         
20002100  bufferI                       
20002184  bufferQ                       
000013d9  clearPinInterrupt             
00000ba5  clip                          
200026d8  clip_lvl                      
0000036d  convolve                      
00003b91  copysign                      
00003b91  copysignl                     
20002214  count                         
20002208  dcI                           
2000220c  dcQ                           
200026a8  delta_phase                   
000013b5  disablePinInterrupt           
000010ed  disablePinPulldown            
000010a5  disablePinPullup              
00000e41  disablePort                   
00001391  enablePinInterrupt            
000010c9  enablePinPulldown             
00001077  enablePinPullup               
00000d85  enablePort                    
20002754  errno                         
20002215  filter                        
000034a1  floor                         
00003741  floorf                        
000034a1  floorl                        
200026ac  freq_o                        
200026a0  frequency                     
00000000  g_pfnVectors                  
000028fd  getFieldChar                  
000028bd  getFieldInteger               
00002977  getFieldString                
00001447  getPinValue                   
000014fd  getPortValue                  
000030d1  getcUart0                     
00002761  getsUart0                     
00003135  initSpi1                      
00003b75  initSystemClockTo80Mhz        
00002fd1  initUart0                     
00003b49  init_SysTick                  
20002000  input                         
00003919  intHW                         
00002a03  isCommand                     
000030e5  kbhitUart0                    
0000027b  ldac_off                      
0000026d  ldac_on                       
00003295  ldexp                         
00003295  ldexpl                        
00003957  main                          
00003599  memcpy                        
000037c9  memset                        
2000269c  mode                          
00000cc1  mvToV                         
000027dd  parseFields                   
200026a4  phase                         
200026b4  phaseCosine                   
200026b0  phaseSine                     
00003089  putcUart0                     
000030a5  putsUart0                     
00003ae5  rand                          
20002210  rawI                          
20002212  rawQ                          
0000326f  readSpi1Data                  
0000383b  roundf                        
200026d4  sampleTick                    
200026d0  samplesPerSymbol              
00003295  scalbn                        
00003295  scalbnl                       
00000fab  selectPinAnalogInput          
00000f5d  selectPinDigitalInput         
000012c7  selectPinInterruptBothEdges   
00001277  selectPinInterruptFallingEdge 
0000131d  selectPinInterruptHighLevel   
00001357  selectPinInterruptLowLevel    
00001227  selectPinInterruptRisingEdge  
00000f0f  selectPinOpenDrainOutput      
00000ec1  selectPinPushPullOutput       
00000cef  sendDacI                      
00000d25  sendDacQ                      
00000289  setFilterStatus               
00000305  setPhase                      
00001115  setPinAuxFunction             
00000ffb  setPinCommitControl           
000013fd  setPinValue                   
00001485  setPortValue                  
000031c5  setSpi1BaudRate               
000031fb  setSpi1Mode                   
00000339  setSymbolRate                 
000002e1  setTransmitBuffer             
00003045  setUart0BaudRate              
00000b7f  set_clip                      
000022a5  shell                         
00001cc5  sin                           
20000000  sineDacTable                  
00000c01  sine_values                   
00001cc5  sinl                          
0000293d  stringToInt                   
200026cc  symbolRate                    
200026b8  theta                         
00001423  togglePinValue                
200026c8  txBitIndex                    
200026bc  txBuffer                      
200026c4  txByteIndex                   
200026c0  txLength                      
00000b1d  voltageToDacCode              
0000029d  writeDacAB                    
00003257  writeSpi1Data                 


GLOBAL SYMBOLS: SORTED BY Symbol Address 

address   name                          
-------   ----                          
00000000  __TI_static_base__            
00000000  g_pfnVectors                  
0000026d  ldac_on                       
0000027b  ldac_off                      
00000289  setFilterStatus               
0000029d  writeDacAB                    
000002e1  setTransmitBuffer             
00000305  setPhase                      
00000339  setSymbolRate                 
0000036d  convolve                      
00000400  __STACK_SIZE                  
00000469  ISR                           
00000b1d  voltageToDacCode              
00000b7f  set_clip                      
00000ba5  clip                          
00000c01  sine_values                   
00000cc1  mvToV                         
00000cef  sendDacI                      
00000d25  sendDacQ                      
00000d85  enablePort                    
00000e41  disablePort                   
00000ec1  selectPinPushPullOutput       
00000f0f  selectPinOpenDrainOutput      
00000f5d  selectPinDigitalInput         
00000fab  selectPinAnalogInput          
00000ffb  setPinCommitControl           
00001077  enablePinPullup               
000010a5  disablePinPullup              
000010c9  enablePinPulldown             
000010ed  disablePinPulldown            
00001115  setPinAuxFunction             
00001227  selectPinInterruptRisingEdge  
00001277  selectPinInterruptFallingEdge 
000012c7  selectPinInterruptBothEdges   
0000131d  selectPinInterruptHighLevel   
00001357  selectPinInterruptLowLevel    
00001391  enablePinInterrupt            
000013b5  disablePinInterrupt           
000013d9  clearPinInterrupt             
000013fd  setPinValue                   
00001423  togglePinValue                
00001447  getPinValue                   
00001485  setPortValue                  
000014fd  getPortValue                  
0000158d  __kernel_rem_pio2             
00001cc5  sin                           
00001cc5  sinl                          
000022a5  shell                         
00002761  getsUart0                     
000027dd  parseFields                   
000028bd  getFieldInteger               
000028fd  getFieldChar                  
0000293d  stringToInt                   
00002977  getFieldString                
000029a9  LenOfStr                      
000029cd  Stringcmpr                    
00002a03  isCommand                     
00002a81  HexToU32                      
00002b35  __aeabi_dsub                  
00002b3f  __aeabi_dadd                  
00002ceb  _nop                          
00002ced  __kernel_sin                  
00002e61  __kernel_cos                  
00002fd1  initUart0                     
00003045  setUart0BaudRate              
00003089  putcUart0                     
000030a5  putsUart0                     
000030d1  getcUart0                     
000030e5  kbhitUart0                    
00003135  initSpi1                      
000031c5  setSpi1BaudRate               
000031fb  setSpi1Mode                   
00003257  writeSpi1Data                 
0000326f  readSpi1Data                  
00003295  ldexp                         
00003295  ldexpl                        
00003295  scalbn                        
00003295  scalbnl                       
000033a5  __aeabi_dmul                  
000034a1  floor                         
000034a1  floorl                        
00003599  __aeabi_memcpy                
00003599  __aeabi_memcpy4               
00003599  __aeabi_memcpy8               
00003599  memcpy                        
00003635  __aeabi_cdcmpeq               
00003635  __aeabi_cdcmple               
000036bb  __aeabi_cdrcmple              
00003741  floorf                        
000037c1  __aeabi_memclr                
000037c1  __aeabi_memclr4               
000037c1  __aeabi_memclr8               
000037c3  __aeabi_memset                
000037c3  __aeabi_memset4               
000037c3  __aeabi_memset8               
000037c9  memset                        
0000383b  roundf                        
000038a9  __aeabi_d2f                   
00003919  intHW                         
00003957  main                          
00003985  __TI_decompress_lzss          
000039ed  __aeabi_d2iz                  
00003a35  __TI_auto_init_nobinit_nopinit
00003a79  __aeabi_f2d                   
00003ab1  _c_int00_noargs               
00003ae5  rand                          
00003b19  __aeabi_i2d                   
00003b49  init_SysTick                  
00003b75  initSystemClockTo80Mhz        
00003b91  copysign                      
00003b91  copysignl                     
00003bab  __TI_decompress_none          
00003bb9  __TI_zero_init                
00003bc5  ResetISR                      
00003bd1  __aeabi_errno_addr            
00003bd9  _system_pre_init              
00003bdd  C$$EXIT                       
00003bdd  abort                         
00003e04  __TI_Handler_Table_Base       
00003e10  __TI_Handler_Table_Limit      
00003e18  __TI_CINIT_Base               
00003e28  __TI_CINIT_Limit              
20000000  __start___llvm_prf_cnts       
20000000  __stop___llvm_prf_cnts        
20000000  sineDacTable                  
20002000  input                         
20002100  bufferI                       
20002184  bufferQ                       
20002208  dcI                           
2000220c  dcQ                           
20002210  rawI                          
20002212  rawQ                          
20002214  count                         
20002215  filter                        
20002218  __stack                       
20002418  __STACK_TOP                   
20002618  RRCfilter                     
20002618  __STACK_END                   
2000269c  mode                          
200026a0  frequency                     
200026a4  phase                         
200026a8  delta_phase                   
200026ac  freq_o                        
200026b0  phaseSine                     
200026b4  phaseCosine                   
200026b8  theta                         
200026bc  txBuffer                      
200026c0  txLength                      
200026c4  txByteIndex                   
200026c8  txBitIndex                    
200026cc  symbolRate                    
200026d0  samplesPerSymbol              
200026d4  sampleTick                    
200026d8  clip_lvl                      
200026dc  Iqam                          
200026fc  Qqam                          
2000271c  Iepsk                         
2000272c  Qepsk                         
2000273c  _lock                         
20002740  _unlock                       
20002744  Iqpsk                         
2000274c  Qqpsk                         
20002754  errno                         
ffffffff  __TI_pprof_out_hndl           
ffffffff  __TI_prof_data_size           
ffffffff  __TI_prof_data_start          
ffffffff  __binit__                     
ffffffff  __c_args__                    
ffffffff  binit                         
UNDEFED   __mpu_init                    
UNDEFED   _system_post_cinit            

[171 symbols]
