<?xml version="1.0" encoding="ISO-8859-1" ?>
<link_info>
   <banner>TI ARM Linker PC v20.2.7.LTS</banner>
   <copyright>Copyright (c) 1996-2018 Texas Instruments Incorporated</copyright>
   <link_time>0x699d426b</link_time>
   <link_errors>0x0</link_errors>
   <output_file>wireless.out</output_file>
   <entry_point>
      <name>_c_int00_noargs</name>
      <address>0x3a3d</address>
   </entry_point>
   <input_file_list>
      <input_file id="fl-2">
         <path>.\</path>
         <kind>object</kind>
         <file>clock.obj</file>
         <name>clock.obj</name>
      </input_file>
      <input_file id="fl-3">
         <path>.\</path>
         <kind>object</kind>
         <file>clock80.obj</file>
         <name>clock80.obj</name>
      </input_file>
      <input_file id="fl-4">
         <path>.\</path>
         <kind>object</kind>
         <file>gpio.obj</file>
         <name>gpio.obj</name>
      </input_file>
      <input_file id="fl-5">
         <path>.\</path>
         <kind>object</kind>
         <file>interface_functions.obj</file>
         <name>interface_functions.obj</name>
      </input_file>
      <input_file id="fl-6">
         <path>.\</path>
         <kind>object</kind>
         <file>main.obj</file>
         <name>main.obj</name>
      </input_file>
      <input_file id="fl-7">
         <path>.\</path>
         <kind>object</kind>
         <file>shell_interface.obj</file>
         <name>shell_interface.obj</name>
      </input_file>
      <input_file id="fl-8">
         <path>.\</path>
         <kind>object</kind>
         <file>spi1.obj</file>
         <name>spi1.obj</name>
      </input_file>
      <input_file id="fl-9">
         <path>.\</path>
         <kind>object</kind>
         <file>systick.obj</file>
         <name>systick.obj</name>
      </input_file>
      <input_file id="fl-a">
         <path>.\</path>
         <kind>object</kind>
         <file>tm4c123gh6pm_startup_ccs.obj</file>
         <name>tm4c123gh6pm_startup_ccs.obj</name>
      </input_file>
      <input_file id="fl-b">
         <path>.\</path>
         <kind>object</kind>
         <file>uart0.obj</file>
         <name>uart0.obj</name>
      </input_file>
      <input_file id="fl-c">
         <path>.\</path>
         <kind>object</kind>
         <file>wireless.obj</file>
         <name>wireless.obj</name>
      </input_file>
      <input_file id="fl-10">
         <kind>object</kind>
         <file>&lt;internal&gt;</file>
         <name>&lt;internal&gt;</name>
      </input_file>
      <input_file id="fl-c6">
         <path>C:\ti\ccs1281\ccs\tools\compiler\ti-cgt-arm_20.2.7.LTS\lib\</path>
         <kind>archive</kind>
         <file>rtsv7M4_T_le_v4SPD16_eabi.lib</file>
         <name>s_roundf.c.obj</name>
      </input_file>
      <input_file id="fl-c7">
         <path>C:\ti\ccs1281\ccs\tools\compiler\ti-cgt-arm_20.2.7.LTS\lib\</path>
         <kind>archive</kind>
         <file>rtsv7M4_T_le_v4SPD16_eabi.lib</file>
         <name>s_sin.c.obj</name>
      </input_file>
      <input_file id="fl-c8">
         <path>C:\ti\ccs1281\ccs\tools\compiler\ti-cgt-arm_20.2.7.LTS\lib\</path>
         <kind>archive</kind>
         <file>rtsv7M4_T_le_v4SPD16_eabi.lib</file>
         <name>fd_add_t2.asm.obj</name>
      </input_file>
      <input_file id="fl-c9">
         <path>C:\ti\ccs1281\ccs\tools\compiler\ti-cgt-arm_20.2.7.LTS\lib\</path>
         <kind>archive</kind>
         <file>rtsv7M4_T_le_v4SPD16_eabi.lib</file>
         <name>fd_cmp_t2.asm.obj</name>
      </input_file>
      <input_file id="fl-ca">
         <path>C:\ti\ccs1281\ccs\tools\compiler\ti-cgt-arm_20.2.7.LTS\lib\</path>
         <kind>archive</kind>
         <file>rtsv7M4_T_le_v4SPD16_eabi.lib</file>
         <name>fd_mul_t2.asm.obj</name>
      </input_file>
      <input_file id="fl-cb">
         <path>C:\ti\ccs1281\ccs\tools\compiler\ti-cgt-arm_20.2.7.LTS\lib\</path>
         <kind>archive</kind>
         <file>rtsv7M4_T_le_v4SPD16_eabi.lib</file>
         <name>fd_toi_t2.asm.obj</name>
      </input_file>
      <input_file id="fl-cc">
         <path>C:\ti\ccs1281\ccs\tools\compiler\ti-cgt-arm_20.2.7.LTS\lib\</path>
         <kind>archive</kind>
         <file>rtsv7M4_T_le_v4SPD16_eabi.lib</file>
         <name>fd_tos_t2.asm.obj</name>
      </input_file>
      <input_file id="fl-cd">
         <path>C:\ti\ccs1281\ccs\tools\compiler\ti-cgt-arm_20.2.7.LTS\lib\</path>
         <kind>archive</kind>
         <file>rtsv7M4_T_le_v4SPD16_eabi.lib</file>
         <name>fs_tod_t2.asm.obj</name>
      </input_file>
      <input_file id="fl-ce">
         <path>C:\ti\ccs1281\ccs\tools\compiler\ti-cgt-arm_20.2.7.LTS\lib\</path>
         <kind>archive</kind>
         <file>rtsv7M4_T_le_v4SPD16_eabi.lib</file>
         <name>i_tofd_t2.asm.obj</name>
      </input_file>
      <input_file id="fl-cf">
         <path>C:\ti\ccs1281\ccs\tools\compiler\ti-cgt-arm_20.2.7.LTS\lib\</path>
         <kind>archive</kind>
         <file>rtsv7M4_T_le_v4SPD16_eabi.lib</file>
         <name>copy_zero_init.c.obj</name>
      </input_file>
      <input_file id="fl-d0">
         <path>C:\ti\ccs1281\ccs\tools\compiler\ti-cgt-arm_20.2.7.LTS\lib\</path>
         <kind>archive</kind>
         <file>rtsv7M4_T_le_v4SPD16_eabi.lib</file>
         <name>copy_decompress_none.c.obj</name>
      </input_file>
      <input_file id="fl-d1">
         <path>C:\ti\ccs1281\ccs\tools\compiler\ti-cgt-arm_20.2.7.LTS\lib\</path>
         <kind>archive</kind>
         <file>rtsv7M4_T_le_v4SPD16_eabi.lib</file>
         <name>copy_decompress_lzss.c.obj</name>
      </input_file>
      <input_file id="fl-d2">
         <path>C:\ti\ccs1281\ccs\tools\compiler\ti-cgt-arm_20.2.7.LTS\lib\</path>
         <kind>archive</kind>
         <file>rtsv7M4_T_le_v4SPD16_eabi.lib</file>
         <name>rand.c.obj</name>
      </input_file>
      <input_file id="fl-d3">
         <path>C:\ti\ccs1281\ccs\tools\compiler\ti-cgt-arm_20.2.7.LTS\lib\</path>
         <kind>archive</kind>
         <file>rtsv7M4_T_le_v4SPD16_eabi.lib</file>
         <name>k_rem_pio2.c.obj</name>
      </input_file>
      <input_file id="fl-d4">
         <path>C:\ti\ccs1281\ccs\tools\compiler\ti-cgt-arm_20.2.7.LTS\lib\</path>
         <kind>archive</kind>
         <file>rtsv7M4_T_le_v4SPD16_eabi.lib</file>
         <name>boot_cortex_m.c.obj</name>
      </input_file>
      <input_file id="fl-d5">
         <path>C:\ti\ccs1281\ccs\tools\compiler\ti-cgt-arm_20.2.7.LTS\lib\</path>
         <kind>archive</kind>
         <file>rtsv7M4_T_le_v4SPD16_eabi.lib</file>
         <name>s_floorf.c.obj</name>
      </input_file>
      <input_file id="fl-d6">
         <path>C:\ti\ccs1281\ccs\tools\compiler\ti-cgt-arm_20.2.7.LTS\lib\</path>
         <kind>archive</kind>
         <file>rtsv7M4_T_le_v4SPD16_eabi.lib</file>
         <name>k_cos.c.obj</name>
      </input_file>
      <input_file id="fl-d7">
         <path>C:\ti\ccs1281\ccs\tools\compiler\ti-cgt-arm_20.2.7.LTS\lib\</path>
         <kind>archive</kind>
         <file>rtsv7M4_T_le_v4SPD16_eabi.lib</file>
         <name>k_sin.c.obj</name>
      </input_file>
      <input_file id="fl-d8">
         <path>C:\ti\ccs1281\ccs\tools\compiler\ti-cgt-arm_20.2.7.LTS\lib\</path>
         <kind>archive</kind>
         <file>rtsv7M4_T_le_v4SPD16_eabi.lib</file>
         <name>s_floor.c.obj</name>
      </input_file>
      <input_file id="fl-d9">
         <path>C:\ti\ccs1281\ccs\tools\compiler\ti-cgt-arm_20.2.7.LTS\lib\</path>
         <kind>archive</kind>
         <file>rtsv7M4_T_le_v4SPD16_eabi.lib</file>
         <name>s_scalbn.c.obj</name>
      </input_file>
      <input_file id="fl-da">
         <path>C:\ti\ccs1281\ccs\tools\compiler\ti-cgt-arm_20.2.7.LTS\lib\</path>
         <kind>archive</kind>
         <file>rtsv7M4_T_le_v4SPD16_eabi.lib</file>
         <name>memcpy_t2.asm.obj</name>
      </input_file>
      <input_file id="fl-db">
         <path>C:\ti\ccs1281\ccs\tools\compiler\ti-cgt-arm_20.2.7.LTS\lib\</path>
         <kind>archive</kind>
         <file>rtsv7M4_T_le_v4SPD16_eabi.lib</file>
         <name>memset_t2.asm.obj</name>
      </input_file>
      <input_file id="fl-dc">
         <path>C:\ti\ccs1281\ccs\tools\compiler\ti-cgt-arm_20.2.7.LTS\lib\</path>
         <kind>archive</kind>
         <file>rtsv7M4_T_le_v4SPD16_eabi.lib</file>
         <name>autoinit.c.obj</name>
      </input_file>
      <input_file id="fl-dd">
         <path>C:\ti\ccs1281\ccs\tools\compiler\ti-cgt-arm_20.2.7.LTS\lib\</path>
         <kind>archive</kind>
         <file>rtsv7M4_T_le_v4SPD16_eabi.lib</file>
         <name>pre_init.c.obj</name>
      </input_file>
      <input_file id="fl-de">
         <path>C:\ti\ccs1281\ccs\tools\compiler\ti-cgt-arm_20.2.7.LTS\lib\</path>
         <kind>archive</kind>
         <file>rtsv7M4_T_le_v4SPD16_eabi.lib</file>
         <name>cpy_tbl.c.obj</name>
      </input_file>
      <input_file id="fl-df">
         <path>C:\ti\ccs1281\ccs\tools\compiler\ti-cgt-arm_20.2.7.LTS\lib\</path>
         <kind>archive</kind>
         <file>rtsv7M4_T_le_v4SPD16_eabi.lib</file>
         <name>exit.c.obj</name>
      </input_file>
      <input_file id="fl-e0">
         <path>C:\ti\ccs1281\ccs\tools\compiler\ti-cgt-arm_20.2.7.LTS\lib\</path>
         <kind>archive</kind>
         <file>rtsv7M4_T_le_v4SPD16_eabi.lib</file>
         <name>_lock.c.obj</name>
      </input_file>
      <input_file id="fl-e1">
         <path>C:\ti\ccs1281\ccs\tools\compiler\ti-cgt-arm_20.2.7.LTS\lib\</path>
         <kind>archive</kind>
         <file>rtsv7M4_T_le_v4SPD16_eabi.lib</file>
         <name>args_main.c.obj</name>
      </input_file>
      <input_file id="fl-e2">
         <path>C:\ti\ccs1281\ccs\tools\compiler\ti-cgt-arm_20.2.7.LTS\lib\</path>
         <kind>archive</kind>
         <file>rtsv7M4_T_le_v4SPD16_eabi.lib</file>
         <name>errno.c.obj</name>
      </input_file>
      <input_file id="fl-e3">
         <path>C:\ti\ccs1281\ccs\tools\compiler\ti-cgt-arm_20.2.7.LTS\lib\</path>
         <kind>archive</kind>
         <file>rtsv7M4_T_le_v4SPD16_eabi.lib</file>
         <name>s_copysign.c.obj</name>
      </input_file>
   </input_file_list>
   <object_component_list>
      <object_component id="oc-12">
         <name>.intvecs</name>
         <load_address>0x0</load_address>
         <run_address>0x0</run_address>
         <size>0x26c</size>
         <input_file_ref idref="fl-a"/>
      </object_component>
      <object_component id="oc-2d">
         <name>.text</name>
         <load_address>0x26c</load_address>
         <run_address>0x26c</run_address>
         <size>0xa3c</size>
         <input_file_ref idref="fl-c"/>
      </object_component>
      <object_component id="oc-74">
         <name>.text</name>
         <load_address>0xca8</load_address>
         <run_address>0xca8</run_address>
         <size>0x808</size>
         <input_file_ref idref="fl-4"/>
      </object_component>
      <object_component id="oc-13a">
         <name>.text:__kernel_rem_pio2</name>
         <load_address>0x14b0</load_address>
         <run_address>0x14b0</run_address>
         <size>0x738</size>
         <input_file_ref idref="fl-d3"/>
      </object_component>
      <object_component id="oc-a6">
         <name>.text:sin</name>
         <load_address>0x1be8</load_address>
         <run_address>0x1be8</run_address>
         <size>0x5e0</size>
         <input_file_ref idref="fl-c7"/>
      </object_component>
      <object_component id="oc-17b">
         <name>.text</name>
         <load_address>0x21c8</load_address>
         <run_address>0x21c8</run_address>
         <size>0x524</size>
         <input_file_ref idref="fl-7"/>
      </object_component>
      <object_component id="oc-1fd">
         <name>.text</name>
         <load_address>0x26ec</load_address>
         <run_address>0x26ec</run_address>
         <size>0x3d4</size>
         <input_file_ref idref="fl-5"/>
      </object_component>
      <object_component id="oc-12b">
         <name>.text</name>
         <load_address>0x2ac0</load_address>
         <run_address>0x2ac0</run_address>
         <size>0x1b6</size>
         <input_file_ref idref="fl-c8"/>
      </object_component>
      <object_component id="oc-260">
         <name>.text:_nop</name>
         <load_address>0x2c76</load_address>
         <run_address>0x2c76</run_address>
         <size>0x2</size>
         <input_file_ref idref="fl-e0"/>
      </object_component>
      <object_component id="oc-125">
         <name>.text:__kernel_sin</name>
         <load_address>0x2c78</load_address>
         <run_address>0x2c78</run_address>
         <size>0x174</size>
         <input_file_ref idref="fl-d7"/>
      </object_component>
      <object_component id="oc-140">
         <name>.text:__kernel_cos</name>
         <load_address>0x2dec</load_address>
         <run_address>0x2dec</run_address>
         <size>0x170</size>
         <input_file_ref idref="fl-d6"/>
      </object_component>
      <object_component id="oc-16f">
         <name>.text</name>
         <load_address>0x2f5c</load_address>
         <run_address>0x2f5c</run_address>
         <size>0x164</size>
         <input_file_ref idref="fl-b"/>
      </object_component>
      <object_component id="oc-7a">
         <name>.text</name>
         <load_address>0x30c0</load_address>
         <run_address>0x30c0</run_address>
         <size>0x160</size>
         <input_file_ref idref="fl-8"/>
      </object_component>
      <object_component id="oc-1cc">
         <name>.text:scalbn</name>
         <load_address>0x3220</load_address>
         <run_address>0x3220</run_address>
         <size>0x110</size>
         <input_file_ref idref="fl-d9"/>
      </object_component>
      <object_component id="oc-ac">
         <name>.text</name>
         <load_address>0x3330</load_address>
         <run_address>0x3330</run_address>
         <size>0xfc</size>
         <input_file_ref idref="fl-ca"/>
      </object_component>
      <object_component id="oc-1d2">
         <name>.text:floor</name>
         <load_address>0x342c</load_address>
         <run_address>0x342c</run_address>
         <size>0xf8</size>
         <input_file_ref idref="fl-d8"/>
      </object_component>
      <object_component id="oc-41">
         <name>.text</name>
         <load_address>0x3524</load_address>
         <run_address>0x3524</run_address>
         <size>0x9c</size>
         <input_file_ref idref="fl-da"/>
      </object_component>
      <object_component id="oc-135">
         <name>.text:__aeabi_cdcmple</name>
         <load_address>0x35c0</load_address>
         <run_address>0x35c0</run_address>
         <size>0x86</size>
         <input_file_ref idref="fl-c9"/>
      </object_component>
      <object_component id="oc-1d8">
         <name>.text:__aeabi_cdrcmple</name>
         <load_address>0x3646</load_address>
         <run_address>0x3646</run_address>
         <size>0x86</size>
         <input_file_ref idref="fl-c9"/>
      </object_component>
      <object_component id="oc-117">
         <name>.text:floorf</name>
         <load_address>0x36cc</load_address>
         <run_address>0x36cc</run_address>
         <size>0x80</size>
         <input_file_ref idref="fl-d5"/>
      </object_component>
      <object_component id="oc-e3">
         <name>.text</name>
         <load_address>0x374c</load_address>
         <run_address>0x374c</run_address>
         <size>0x7a</size>
         <input_file_ref idref="fl-db"/>
      </object_component>
      <object_component id="oc-9b">
         <name>.text:roundf</name>
         <load_address>0x37c6</load_address>
         <run_address>0x37c6</run_address>
         <size>0x6e</size>
         <input_file_ref idref="fl-c6"/>
      </object_component>
      <object_component id="oc-b1">
         <name>.text</name>
         <load_address>0x3834</load_address>
         <run_address>0x3834</run_address>
         <size>0x6e</size>
         <input_file_ref idref="fl-cc"/>
      </object_component>
      <object_component id="oc-ef">
         <name>.text</name>
         <load_address>0x38a4</load_address>
         <run_address>0x38a4</run_address>
         <size>0x6c</size>
         <input_file_ref idref="fl-6"/>
      </object_component>
      <object_component id="oc-15">
         <name>.text:decompress:lzss:__TI_decompress_lzss</name>
         <load_address>0x3910</load_address>
         <run_address>0x3910</run_address>
         <size>0x68</size>
         <input_file_ref idref="fl-d1"/>
      </object_component>
      <object_component id="oc-120">
         <name>.text</name>
         <load_address>0x3978</load_address>
         <run_address>0x3978</run_address>
         <size>0x48</size>
         <input_file_ref idref="fl-cb"/>
      </object_component>
      <object_component id="oc-18e">
         <name>.text:__TI_auto_init_nobinit_nopinit:__TI_auto_init_nobinit_nopinit</name>
         <load_address>0x39c0</load_address>
         <run_address>0x39c0</run_address>
         <size>0x44</size>
         <input_file_ref idref="fl-dc"/>
      </object_component>
      <object_component id="oc-a1">
         <name>.text</name>
         <load_address>0x3a04</load_address>
         <run_address>0x3a04</run_address>
         <size>0x38</size>
         <input_file_ref idref="fl-cd"/>
      </object_component>
      <object_component id="oc-5f">
         <name>.text:_c_int00_noargs:_c_int00_noargs</name>
         <load_address>0x3a3c</load_address>
         <run_address>0x3a3c</run_address>
         <size>0x34</size>
         <input_file_ref idref="fl-d4"/>
      </object_component>
      <object_component id="oc-1f7">
         <name>.text:rand</name>
         <load_address>0x3a70</load_address>
         <run_address>0x3a70</run_address>
         <size>0x34</size>
         <input_file_ref idref="fl-d2"/>
      </object_component>
      <object_component id="oc-130">
         <name>.text</name>
         <load_address>0x3aa4</load_address>
         <run_address>0x3aa4</run_address>
         <size>0x2e</size>
         <input_file_ref idref="fl-ce"/>
      </object_component>
      <object_component id="oc-175">
         <name>.text</name>
         <load_address>0x3ad4</load_address>
         <run_address>0x3ad4</run_address>
         <size>0x2c</size>
         <input_file_ref idref="fl-9"/>
      </object_component>
      <object_component id="oc-169">
         <name>.text</name>
         <load_address>0x3b00</load_address>
         <run_address>0x3b00</run_address>
         <size>0x1c</size>
         <input_file_ref idref="fl-3"/>
      </object_component>
      <object_component id="oc-238">
         <name>.text:copysign</name>
         <load_address>0x3b1c</load_address>
         <run_address>0x3b1c</run_address>
         <size>0x1a</size>
         <input_file_ref idref="fl-e3"/>
      </object_component>
      <object_component id="oc-1b">
         <name>.text:decompress:none:__TI_decompress_none</name>
         <load_address>0x3b36</load_address>
         <run_address>0x3b36</run_address>
         <size>0xe</size>
         <input_file_ref idref="fl-d0"/>
      </object_component>
      <object_component id="oc-53">
         <name>.text:decompress:ZI:__TI_zero_init</name>
         <load_address>0x3b44</load_address>
         <run_address>0x3b44</run_address>
         <size>0xc</size>
         <input_file_ref idref="fl-cf"/>
      </object_component>
      <object_component id="oc-27">
         <name>.text</name>
         <load_address>0x3b50</load_address>
         <run_address>0x3b50</run_address>
         <size>0xc</size>
         <input_file_ref idref="fl-a"/>
      </object_component>
      <object_component id="oc-232">
         <name>.text:__aeabi_errno_addr</name>
         <load_address>0x3b5c</load_address>
         <run_address>0x3b5c</run_address>
         <size>0x8</size>
         <input_file_ref idref="fl-e2"/>
      </object_component>
      <object_component id="oc-e9">
         <name>.text:_system_pre_init</name>
         <load_address>0x3b64</load_address>
         <run_address>0x3b64</run_address>
         <size>0x4</size>
         <input_file_ref idref="fl-dd"/>
      </object_component>
      <object_component id="oc-182">
         <name>.text:abort:abort</name>
         <load_address>0x3b68</load_address>
         <run_address>0x3b68</run_address>
         <size>0x4</size>
         <input_file_ref idref="fl-df"/>
      </object_component>
      <object_component id="oc-1dd">
         <name>.const:$O1$$</name>
         <load_address>0x3b70</load_address>
         <run_address>0x3b70</run_address>
         <size>0x158</size>
         <input_file_ref idref="fl-d3"/>
      </object_component>
      <object_component id="oc-2d2">
         <name>.cinit..data.load</name>
         <load_address>0x3cc8</load_address>
         <run_address>0x3cc8</run_address>
         <size>0xca</size>
      </object_component>
      <object_component id="oc-2d0">
         <name>__TI_handler_table</name>
         <load_address>0x3d94</load_address>
         <run_address>0x3d94</run_address>
         <size>0xc</size>
      </object_component>
      <object_component id="oc-2d3">
         <name>.cinit..bss.load</name>
         <load_address>0x3da0</load_address>
         <run_address>0x3da0</run_address>
         <size>0x8</size>
      </object_component>
      <object_component id="oc-2d1">
         <name>__TI_cinit_table</name>
         <load_address>0x3da8</load_address>
         <run_address>0x3da8</run_address>
         <size>0x10</size>
      </object_component>
      <object_component id="oc-80">
         <name>.data</name>
         <load_address>0x2000269c</load_address>
         <run_address>0x2000269c</run_address>
         <size>0x38</size>
         <input_file_ref idref="fl-c"/>
      </object_component>
      <object_component id="oc-87">
         <name>.data:RRCfilter</name>
         <load_address>0x20002618</load_address>
         <run_address>0x20002618</run_address>
         <size>0x84</size>
         <input_file_ref idref="fl-c"/>
      </object_component>
      <object_component id="oc-b6">
         <name>.data:Iqam</name>
         <load_address>0x200026d4</load_address>
         <run_address>0x200026d4</run_address>
         <size>0x20</size>
         <input_file_ref idref="fl-c"/>
      </object_component>
      <object_component id="oc-b9">
         <name>.data:Qqam</name>
         <load_address>0x200026f4</load_address>
         <run_address>0x200026f4</run_address>
         <size>0x20</size>
         <input_file_ref idref="fl-c"/>
      </object_component>
      <object_component id="oc-8f">
         <name>.data:Iqpsk</name>
         <load_address>0x2000273c</load_address>
         <run_address>0x2000273c</run_address>
         <size>0x8</size>
         <input_file_ref idref="fl-c"/>
      </object_component>
      <object_component id="oc-92">
         <name>.data:Qqpsk</name>
         <load_address>0x20002744</load_address>
         <run_address>0x20002744</run_address>
         <size>0x8</size>
         <input_file_ref idref="fl-c"/>
      </object_component>
      <object_component id="oc-95">
         <name>.data:Iepsk</name>
         <load_address>0x20002714</load_address>
         <run_address>0x20002714</run_address>
         <size>0x10</size>
         <input_file_ref idref="fl-c"/>
      </object_component>
      <object_component id="oc-98">
         <name>.data:Qepsk</name>
         <load_address>0x20002724</load_address>
         <run_address>0x20002724</run_address>
         <size>0x10</size>
         <input_file_ref idref="fl-c"/>
      </object_component>
      <object_component id="oc-250">
         <name>.data</name>
         <load_address>0x20002750</load_address>
         <run_address>0x20002750</run_address>
         <size>0x4</size>
         <input_file_ref idref="fl-d2"/>
      </object_component>
      <object_component id="oc-212">
         <name>.data:$O1$$</name>
         <load_address>0x20002734</load_address>
         <run_address>0x20002734</run_address>
         <size>0x8</size>
         <input_file_ref idref="fl-e0"/>
      </object_component>
      <object_component id="oc-27f">
         <name>.data</name>
         <load_address>0x2000274c</load_address>
         <run_address>0x2000274c</run_address>
         <size>0x4</size>
         <input_file_ref idref="fl-e2"/>
      </object_component>
      <object_component id="oc-203">
         <name>.common:input</name>
         <uninitialized>true</uninitialized>
         <run_address>0x20002000</run_address>
         <size>0x100</size>
      </object_component>
      <object_component id="oc-8c">
         <name>.common:sineDacTable</name>
         <uninitialized>true</uninitialized>
         <run_address>0x20000000</run_address>
         <size>0x2000</size>
      </object_component>
      <object_component id="oc-8a">
         <name>.common:filter</name>
         <uninitialized>true</uninitialized>
         <run_address>0x20002215</run_address>
         <size>0x1</size>
      </object_component>
      <object_component id="oc-83">
         <name>.common:bufferI</name>
         <uninitialized>true</uninitialized>
         <run_address>0x20002100</run_address>
         <size>0x84</size>
      </object_component>
      <object_component id="oc-86">
         <name>.common:bufferQ</name>
         <uninitialized>true</uninitialized>
         <run_address>0x20002184</run_address>
         <size>0x84</size>
      </object_component>
      <object_component id="oc-8e">
         <name>.common:count</name>
         <uninitialized>true</uninitialized>
         <run_address>0x20002214</run_address>
         <size>0x1</size>
      </object_component>
      <object_component id="oc-8b">
         <name>.common:rawI</name>
         <uninitialized>true</uninitialized>
         <run_address>0x20002210</run_address>
         <size>0x2</size>
      </object_component>
      <object_component id="oc-8d">
         <name>.common:rawQ</name>
         <uninitialized>true</uninitialized>
         <run_address>0x20002212</run_address>
         <size>0x2</size>
      </object_component>
      <object_component id="oc-206">
         <name>.common:dcI</name>
         <uninitialized>true</uninitialized>
         <run_address>0x20002208</run_address>
         <size>0x4</size>
      </object_component>
      <object_component id="oc-207">
         <name>.common:dcQ</name>
         <uninitialized>true</uninitialized>
         <run_address>0x2000220c</run_address>
         <size>0x4</size>
      </object_component>
      <object_component id="oc-24">
         <name>.stack</name>
         <uninitialized>true</uninitialized>
         <run_address>0x20002218</run_address>
         <size>0x4</size>
         <input_file_ref idref="fl-d4"/>
      </object_component>
      <object_component id="oc-2d5">
         <name>.stack</name>
         <uninitialized>true</uninitialized>
         <run_address>0x20002218</run_address>
         <size>0x0</size>
      </object_component>
      <object_component id="oc-158">
         <name>.debug_info</name>
         <load_address>0x0</load_address>
         <run_address>0x0</run_address>
         <size>0x274</size>
         <input_file_ref idref="fl-2"/>
      </object_component>
      <object_component id="oc-c9">
         <name>.debug_info</name>
         <load_address>0x274</load_address>
         <run_address>0x274</run_address>
         <size>0x26b</size>
         <input_file_ref idref="fl-2"/>
      </object_component>
      <object_component id="oc-3c">
         <name>.debug_info</name>
         <load_address>0x4df</load_address>
         <run_address>0x4df</run_address>
         <size>0x84</size>
         <input_file_ref idref="fl-2"/>
      </object_component>
      <object_component id="oc-153">
         <name>.debug_info</name>
         <load_address>0x563</load_address>
         <run_address>0x563</run_address>
         <size>0x2a4</size>
         <input_file_ref idref="fl-2"/>
      </object_component>
      <object_component id="oc-c2">
         <name>.debug_info</name>
         <load_address>0x807</load_address>
         <run_address>0x807</run_address>
         <size>0xbb</size>
         <input_file_ref idref="fl-2"/>
      </object_component>
      <object_component id="oc-16d">
         <name>.debug_info</name>
         <load_address>0x8c2</load_address>
         <run_address>0x8c2</run_address>
         <size>0x137</size>
         <input_file_ref idref="fl-3"/>
      </object_component>
      <object_component id="oc-107">
         <name>.debug_info</name>
         <load_address>0x9f9</load_address>
         <run_address>0x9f9</run_address>
         <size>0x279</size>
         <input_file_ref idref="fl-4"/>
      </object_component>
      <object_component id="oc-77">
         <name>.debug_info</name>
         <load_address>0xc72</load_address>
         <run_address>0xc72</run_address>
         <size>0x1101</size>
         <input_file_ref idref="fl-4"/>
      </object_component>
      <object_component id="oc-102">
         <name>.debug_info</name>
         <load_address>0x1d73</load_address>
         <run_address>0x1d73</run_address>
         <size>0x88</size>
         <input_file_ref idref="fl-4"/>
      </object_component>
      <object_component id="oc-bd">
         <name>.debug_info</name>
         <load_address>0x1dfb</load_address>
         <run_address>0x1dfb</run_address>
         <size>0x8b</size>
         <input_file_ref idref="fl-4"/>
      </object_component>
      <object_component id="oc-255">
         <name>.debug_info</name>
         <load_address>0x1e86</load_address>
         <run_address>0x1e86</run_address>
         <size>0x311</size>
         <input_file_ref idref="fl-5"/>
      </object_component>
      <object_component id="oc-1fe">
         <name>.debug_info</name>
         <load_address>0x2197</load_address>
         <run_address>0x2197</run_address>
         <size>0xa4c</size>
         <input_file_ref idref="fl-5"/>
      </object_component>
      <object_component id="oc-28d">
         <name>.debug_info</name>
         <load_address>0x2be3</load_address>
         <run_address>0x2be3</run_address>
         <size>0x8a</size>
         <input_file_ref idref="fl-5"/>
      </object_component>
      <object_component id="oc-256">
         <name>.debug_info</name>
         <load_address>0x2c6d</load_address>
         <run_address>0x2c6d</run_address>
         <size>0xcc</size>
         <input_file_ref idref="fl-5"/>
      </object_component>
      <object_component id="oc-25d">
         <name>.debug_info</name>
         <load_address>0x2d39</load_address>
         <run_address>0x2d39</run_address>
         <size>0x49c</size>
         <input_file_ref idref="fl-6"/>
      </object_component>
      <object_component id="oc-f0">
         <name>.debug_info</name>
         <load_address>0x31d5</load_address>
         <run_address>0x31d5</run_address>
         <size>0x22b</size>
         <input_file_ref idref="fl-6"/>
      </object_component>
      <object_component id="oc-209">
         <name>.debug_info</name>
         <load_address>0x3400</load_address>
         <run_address>0x3400</run_address>
         <size>0x8a</size>
         <input_file_ref idref="fl-6"/>
      </object_component>
      <object_component id="oc-204">
         <name>.debug_info</name>
         <load_address>0x348a</load_address>
         <run_address>0x348a</run_address>
         <size>0x609</size>
         <input_file_ref idref="fl-7"/>
      </object_component>
      <object_component id="oc-17e">
         <name>.debug_info</name>
         <load_address>0x3a93</load_address>
         <run_address>0x3a93</run_address>
         <size>0x5b9</size>
         <input_file_ref idref="fl-7"/>
      </object_component>
      <object_component id="oc-7b">
         <name>.debug_info</name>
         <load_address>0x404c</load_address>
         <run_address>0x404c</run_address>
         <size>0x482</size>
         <input_file_ref idref="fl-8"/>
      </object_component>
      <object_component id="oc-176">
         <name>.debug_info</name>
         <load_address>0x44ce</load_address>
         <run_address>0x44ce</run_address>
         <size>0x123</size>
         <input_file_ref idref="fl-9"/>
      </object_component>
      <object_component id="oc-35">
         <name>.debug_info</name>
         <load_address>0x45f1</load_address>
         <run_address>0x45f1</run_address>
         <size>0x2d3</size>
         <input_file_ref idref="fl-a"/>
      </object_component>
      <object_component id="oc-13">
         <name>.debug_info</name>
         <load_address>0x48c4</load_address>
         <run_address>0x48c4</run_address>
         <size>0x104</size>
         <input_file_ref idref="fl-a"/>
      </object_component>
      <object_component id="oc-2b">
         <name>.debug_info</name>
         <load_address>0x49c8</load_address>
         <run_address>0x49c8</run_address>
         <size>0x280</size>
         <input_file_ref idref="fl-a"/>
      </object_component>
      <object_component id="oc-1f5">
         <name>.debug_info</name>
         <load_address>0x4c48</load_address>
         <run_address>0x4c48</run_address>
         <size>0x27a</size>
         <input_file_ref idref="fl-b"/>
      </object_component>
      <object_component id="oc-173">
         <name>.debug_info</name>
         <load_address>0x4ec2</load_address>
         <run_address>0x4ec2</run_address>
         <size>0x362</size>
         <input_file_ref idref="fl-b"/>
      </object_component>
      <object_component id="oc-84">
         <name>.debug_info</name>
         <load_address>0x5224</load_address>
         <run_address>0x5224</run_address>
         <size>0x4ca</size>
         <input_file_ref idref="fl-c"/>
      </object_component>
      <object_component id="oc-81">
         <name>.debug_info</name>
         <load_address>0x56ee</load_address>
         <run_address>0x56ee</run_address>
         <size>0x2b9</size>
         <input_file_ref idref="fl-c"/>
      </object_component>
      <object_component id="oc-88">
         <name>.debug_info</name>
         <load_address>0x59a7</load_address>
         <run_address>0x59a7</run_address>
         <size>0xee</size>
         <input_file_ref idref="fl-c"/>
      </object_component>
      <object_component id="oc-b7">
         <name>.debug_info</name>
         <load_address>0x5a95</load_address>
         <run_address>0x5a95</run_address>
         <size>0xe4</size>
         <input_file_ref idref="fl-c"/>
      </object_component>
      <object_component id="oc-ba">
         <name>.debug_info</name>
         <load_address>0x5b79</load_address>
         <run_address>0x5b79</run_address>
         <size>0xe4</size>
         <input_file_ref idref="fl-c"/>
      </object_component>
      <object_component id="oc-90">
         <name>.debug_info</name>
         <load_address>0x5c5d</load_address>
         <run_address>0x5c5d</run_address>
         <size>0xe6</size>
         <input_file_ref idref="fl-c"/>
      </object_component>
      <object_component id="oc-93">
         <name>.debug_info</name>
         <load_address>0x5d43</load_address>
         <run_address>0x5d43</run_address>
         <size>0xe6</size>
         <input_file_ref idref="fl-c"/>
      </object_component>
      <object_component id="oc-96">
         <name>.debug_info</name>
         <load_address>0x5e29</load_address>
         <run_address>0x5e29</run_address>
         <size>0xe6</size>
         <input_file_ref idref="fl-c"/>
      </object_component>
      <object_component id="oc-99">
         <name>.debug_info</name>
         <load_address>0x5f0f</load_address>
         <run_address>0x5f0f</run_address>
         <size>0xe6</size>
         <input_file_ref idref="fl-c"/>
      </object_component>
      <object_component id="oc-2e">
         <name>.debug_info</name>
         <load_address>0x5ff5</load_address>
         <run_address>0x5ff5</run_address>
         <size>0xda6</size>
         <input_file_ref idref="fl-c"/>
      </object_component>
      <object_component id="oc-11e">
         <name>.debug_info</name>
         <load_address>0x6d9b</load_address>
         <run_address>0x6d9b</run_address>
         <size>0x2a9</size>
         <input_file_ref idref="fl-c6"/>
      </object_component>
      <object_component id="oc-9e">
         <name>.debug_info</name>
         <load_address>0x7044</load_address>
         <run_address>0x7044</run_address>
         <size>0x189</size>
         <input_file_ref idref="fl-c6"/>
      </object_component>
      <object_component id="oc-147">
         <name>.debug_info</name>
         <load_address>0x71cd</load_address>
         <run_address>0x71cd</run_address>
         <size>0x361</size>
         <input_file_ref idref="fl-c7"/>
      </object_component>
      <object_component id="oc-aa">
         <name>.debug_info</name>
         <load_address>0x752e</load_address>
         <run_address>0x752e</run_address>
         <size>0x7ae</size>
         <input_file_ref idref="fl-c7"/>
      </object_component>
      <object_component id="oc-1ec">
         <name>.debug_info</name>
         <load_address>0x7cdc</load_address>
         <run_address>0x7cdc</run_address>
         <size>0x46</size>
         <input_file_ref idref="fl-c7"/>
      </object_component>
      <object_component id="oc-148">
         <name>.debug_info</name>
         <load_address>0x7d22</load_address>
         <run_address>0x7d22</run_address>
         <size>0x39</size>
         <input_file_ref idref="fl-c7"/>
      </object_component>
      <object_component id="oc-12c">
         <name>.debug_info</name>
         <load_address>0x7d5b</load_address>
         <run_address>0x7d5b</run_address>
         <size>0x14c</size>
         <input_file_ref idref="fl-c8"/>
      </object_component>
      <object_component id="oc-136">
         <name>.debug_info</name>
         <load_address>0x7ea7</load_address>
         <run_address>0x7ea7</run_address>
         <size>0x128</size>
         <input_file_ref idref="fl-c9"/>
      </object_component>
      <object_component id="oc-1d9">
         <name>.debug_info</name>
         <load_address>0x7fcf</load_address>
         <run_address>0x7fcf</run_address>
         <size>0x12a</size>
         <input_file_ref idref="fl-c9"/>
      </object_component>
      <object_component id="oc-af">
         <name>.debug_info</name>
         <load_address>0x80f9</load_address>
         <run_address>0x80f9</run_address>
         <size>0x13a</size>
         <input_file_ref idref="fl-ca"/>
      </object_component>
      <object_component id="oc-122">
         <name>.debug_info</name>
         <load_address>0x8233</load_address>
         <run_address>0x8233</run_address>
         <size>0x12e</size>
         <input_file_ref idref="fl-cb"/>
      </object_component>
      <object_component id="oc-b2">
         <name>.debug_info</name>
         <load_address>0x8361</load_address>
         <run_address>0x8361</run_address>
         <size>0x13e</size>
         <input_file_ref idref="fl-cc"/>
      </object_component>
      <object_component id="oc-a4">
         <name>.debug_info</name>
         <load_address>0x849f</load_address>
         <run_address>0x849f</run_address>
         <size>0x12c</size>
         <input_file_ref idref="fl-cd"/>
      </object_component>
      <object_component id="oc-132">
         <name>.debug_info</name>
         <load_address>0x85cb</load_address>
         <run_address>0x85cb</run_address>
         <size>0x12c</size>
         <input_file_ref idref="fl-ce"/>
      </object_component>
      <object_component id="oc-e2">
         <name>.debug_info</name>
         <load_address>0x86f7</load_address>
         <run_address>0x86f7</run_address>
         <size>0x2d4</size>
         <input_file_ref idref="fl-cf"/>
      </object_component>
      <object_component id="oc-54">
         <name>.debug_info</name>
         <load_address>0x89cb</load_address>
         <run_address>0x89cb</run_address>
         <size>0x1b5</size>
         <input_file_ref idref="fl-cf"/>
      </object_component>
      <object_component id="oc-dd">
         <name>.debug_info</name>
         <load_address>0x8b80</load_address>
         <run_address>0x8b80</run_address>
         <size>0x46</size>
         <input_file_ref idref="fl-cf"/>
      </object_component>
      <object_component id="oc-160">
         <name>.debug_info</name>
         <load_address>0x8bc6</load_address>
         <run_address>0x8bc6</run_address>
         <size>0x2c</size>
         <input_file_ref idref="fl-cf"/>
      </object_component>
      <object_component id="oc-4c">
         <name>.debug_info</name>
         <load_address>0x8bf2</load_address>
         <run_address>0x8bf2</run_address>
         <size>0x2a8</size>
         <input_file_ref idref="fl-d0"/>
      </object_component>
      <object_component id="oc-1d">
         <name>.debug_info</name>
         <load_address>0x8e9a</load_address>
         <run_address>0x8e9a</run_address>
         <size>0x1ea</size>
         <input_file_ref idref="fl-d0"/>
      </object_component>
      <object_component id="oc-47">
         <name>.debug_info</name>
         <load_address>0x9084</load_address>
         <run_address>0x9084</run_address>
         <size>0x46</size>
         <input_file_ref idref="fl-d0"/>
      </object_component>
      <object_component id="oc-d5">
         <name>.debug_info</name>
         <load_address>0x90ca</load_address>
         <run_address>0x90ca</run_address>
         <size>0x2c</size>
         <input_file_ref idref="fl-d0"/>
      </object_component>
      <object_component id="oc-d3">
         <name>.debug_info</name>
         <load_address>0x90f6</load_address>
         <run_address>0x90f6</run_address>
         <size>0x29e</size>
         <input_file_ref idref="fl-d1"/>
      </object_component>
      <object_component id="oc-16">
         <name>.debug_info</name>
         <load_address>0x9394</load_address>
         <run_address>0x9394</run_address>
         <size>0x250</size>
         <input_file_ref idref="fl-d1"/>
      </object_component>
      <object_component id="oc-37">
         <name>.debug_info</name>
         <load_address>0x95e4</load_address>
         <run_address>0x95e4</run_address>
         <size>0x60</size>
         <input_file_ref idref="fl-d1"/>
      </object_component>
      <object_component id="oc-159">
         <name>.debug_info</name>
         <load_address>0x9644</load_address>
         <run_address>0x9644</run_address>
         <size>0x46</size>
         <input_file_ref idref="fl-d1"/>
      </object_component>
      <object_component id="oc-ce">
         <name>.debug_info</name>
         <load_address>0x968a</load_address>
         <run_address>0x968a</run_address>
         <size>0x39</size>
         <input_file_ref idref="fl-d1"/>
      </object_component>
      <object_component id="oc-251">
         <name>.debug_info</name>
         <load_address>0x96c3</load_address>
         <run_address>0x96c3</run_address>
         <size>0xfb</size>
         <input_file_ref idref="fl-d2"/>
      </object_component>
      <object_component id="oc-1f9">
         <name>.debug_info</name>
         <load_address>0x97be</load_address>
         <run_address>0x97be</run_address>
         <size>0x13d</size>
         <input_file_ref idref="fl-d2"/>
      </object_component>
      <object_component id="oc-1e1">
         <name>.debug_info</name>
         <load_address>0x98fb</load_address>
         <run_address>0x98fb</run_address>
         <size>0x3aa</size>
         <input_file_ref idref="fl-d3"/>
      </object_component>
      <object_component id="oc-1de">
         <name>.debug_info</name>
         <load_address>0x9ca5</load_address>
         <run_address>0x9ca5</run_address>
         <size>0x13a</size>
         <input_file_ref idref="fl-d3"/>
      </object_component>
      <object_component id="oc-13b">
         <name>.debug_info</name>
         <load_address>0x9ddf</load_address>
         <run_address>0x9ddf</run_address>
         <size>0x72f</size>
         <input_file_ref idref="fl-d3"/>
      </object_component>
      <object_component id="oc-247">
         <name>.debug_info</name>
         <load_address>0xa50e</load_address>
         <run_address>0xa50e</run_address>
         <size>0x39</size>
         <input_file_ref idref="fl-d3"/>
      </object_component>
      <object_component id="oc-1e3">
         <name>.debug_info</name>
         <load_address>0xa547</load_address>
         <run_address>0xa547</run_address>
         <size>0x2c</size>
         <input_file_ref idref="fl-d3"/>
      </object_component>
      <object_component id="oc-25">
         <name>.debug_info</name>
         <load_address>0xa573</load_address>
         <run_address>0xa573</run_address>
         <size>0x10b</size>
         <input_file_ref idref="fl-d4"/>
      </object_component>
      <object_component id="oc-62">
         <name>.debug_info</name>
         <load_address>0xa67e</load_address>
         <run_address>0xa67e</run_address>
         <size>0x1a9</size>
         <input_file_ref idref="fl-d4"/>
      </object_component>
      <object_component id="oc-1c3">
         <name>.debug_info</name>
         <load_address>0xa827</load_address>
         <run_address>0xa827</run_address>
         <size>0x286</size>
         <input_file_ref idref="fl-d5"/>
      </object_component>
      <object_component id="oc-11b">
         <name>.debug_info</name>
         <load_address>0xaaad</load_address>
         <run_address>0xaaad</run_address>
         <size>0x182</size>
         <input_file_ref idref="fl-d5"/>
      </object_component>
      <object_component id="oc-1e9">
         <name>.debug_info</name>
         <load_address>0xac2f</load_address>
         <run_address>0xac2f</run_address>
         <size>0x288</size>
         <input_file_ref idref="fl-d6"/>
      </object_component>
      <object_component id="oc-143">
         <name>.debug_info</name>
         <load_address>0xaeb7</load_address>
         <run_address>0xaeb7</run_address>
         <size>0x327</size>
         <input_file_ref idref="fl-d6"/>
      </object_component>
      <object_component id="oc-1c8">
         <name>.debug_info</name>
         <load_address>0xb1de</load_address>
         <run_address>0xb1de</run_address>
         <size>0x28d</size>
         <input_file_ref idref="fl-d7"/>
      </object_component>
      <object_component id="oc-127">
         <name>.debug_info</name>
         <load_address>0xb46b</load_address>
         <run_address>0xb46b</run_address>
         <size>0x380</size>
         <input_file_ref idref="fl-d7"/>
      </object_component>
      <object_component id="oc-241">
         <name>.debug_info</name>
         <load_address>0xb7eb</load_address>
         <run_address>0xb7eb</run_address>
         <size>0x28a</size>
         <input_file_ref idref="fl-d8"/>
      </object_component>
      <object_component id="oc-1d3">
         <name>.debug_info</name>
         <load_address>0xba75</load_address>
         <run_address>0xba75</run_address>
         <size>0x22a</size>
         <input_file_ref idref="fl-d8"/>
      </object_component>
      <object_component id="oc-23f">
         <name>.debug_info</name>
         <load_address>0xbc9f</load_address>
         <run_address>0xbc9f</run_address>
         <size>0x2f8</size>
         <input_file_ref idref="fl-d9"/>
      </object_component>
      <object_component id="oc-1ce">
         <name>.debug_info</name>
         <load_address>0xbf97</load_address>
         <run_address>0xbf97</run_address>
         <size>0x225</size>
         <input_file_ref idref="fl-d9"/>
      </object_component>
      <object_component id="oc-44">
         <name>.debug_info</name>
         <load_address>0xc1bc</load_address>
         <run_address>0xc1bc</run_address>
         <size>0x119</size>
         <input_file_ref idref="fl-da"/>
      </object_component>
      <object_component id="oc-e5">
         <name>.debug_info</name>
         <load_address>0xc2d5</load_address>
         <run_address>0xc2d5</run_address>
         <size>0x147</size>
         <input_file_ref idref="fl-db"/>
      </object_component>
      <object_component id="oc-219">
         <name>.debug_info</name>
         <load_address>0xc41c</load_address>
         <run_address>0xc41c</run_address>
         <size>0x4b3</size>
         <input_file_ref idref="fl-dc"/>
      </object_component>
      <object_component id="oc-191">
         <name>.debug_info</name>
         <load_address>0xc8cf</load_address>
         <run_address>0xc8cf</run_address>
         <size>0x1a6</size>
         <input_file_ref idref="fl-dc"/>
      </object_component>
      <object_component id="oc-26e">
         <name>.debug_info</name>
         <load_address>0xca75</load_address>
         <run_address>0xca75</run_address>
         <size>0x39</size>
         <input_file_ref idref="fl-dc"/>
      </object_component>
      <object_component id="oc-297">
         <name>.debug_info</name>
         <load_address>0xcaae</load_address>
         <run_address>0xcaae</run_address>
         <size>0x39</size>
         <input_file_ref idref="fl-dc"/>
      </object_component>
      <object_component id="oc-273">
         <name>.debug_info</name>
         <load_address>0xcae7</load_address>
         <run_address>0xcae7</run_address>
         <size>0x39</size>
         <input_file_ref idref="fl-dc"/>
      </object_component>
      <object_component id="oc-278">
         <name>.debug_info</name>
         <load_address>0xcb20</load_address>
         <run_address>0xcb20</run_address>
         <size>0xcd</size>
         <input_file_ref idref="fl-dc"/>
      </object_component>
      <object_component id="oc-ed">
         <name>.debug_info</name>
         <load_address>0xcbed</load_address>
         <run_address>0xcbed</run_address>
         <size>0x153</size>
         <input_file_ref idref="fl-dd"/>
      </object_component>
      <object_component id="oc-185">
         <name>.debug_info</name>
         <load_address>0xcd40</load_address>
         <run_address>0xcd40</run_address>
         <size>0x122</size>
         <input_file_ref idref="fl-df"/>
      </object_component>
      <object_component id="oc-268">
         <name>.debug_info</name>
         <load_address>0xce62</load_address>
         <run_address>0xce62</run_address>
         <size>0x2c9</size>
         <input_file_ref idref="fl-e0"/>
      </object_component>
      <object_component id="oc-213">
         <name>.debug_info</name>
         <load_address>0xd12b</load_address>
         <run_address>0xd12b</run_address>
         <size>0x11e</size>
         <input_file_ref idref="fl-e0"/>
      </object_component>
      <object_component id="oc-264">
         <name>.debug_info</name>
         <load_address>0xd249</load_address>
         <run_address>0xd249</run_address>
         <size>0x12e</size>
         <input_file_ref idref="fl-e0"/>
      </object_component>
      <object_component id="oc-283">
         <name>.debug_info</name>
         <load_address>0xd377</load_address>
         <run_address>0xd377</run_address>
         <size>0x289</size>
         <input_file_ref idref="fl-e2"/>
      </object_component>
      <object_component id="oc-280">
         <name>.debug_info</name>
         <load_address>0xd600</load_address>
         <run_address>0xd600</run_address>
         <size>0x10e</size>
         <input_file_ref idref="fl-e2"/>
      </object_component>
      <object_component id="oc-235">
         <name>.debug_info</name>
         <load_address>0xd70e</load_address>
         <run_address>0xd70e</run_address>
         <size>0x14e</size>
         <input_file_ref idref="fl-e2"/>
      </object_component>
      <object_component id="oc-239">
         <name>.debug_info</name>
         <load_address>0xd85c</load_address>
         <run_address>0xd85c</run_address>
         <size>0x161</size>
         <input_file_ref idref="fl-e3"/>
      </object_component>
      <object_component id="oc-2d6">
         <name>.debug_info</name>
         <load_address>0xd9bd</load_address>
         <run_address>0xd9bd</run_address>
         <size>0xb7</size>
      </object_component>
      <object_component id="oc-1f2">
         <name>.debug_line</name>
         <load_address>0x0</load_address>
         <run_address>0x0</run_address>
         <size>0x20</size>
         <input_file_ref idref="fl-2"/>
      </object_component>
      <object_component id="oc-cc">
         <name>.debug_line</name>
         <load_address>0x20</load_address>
         <run_address>0x20</run_address>
         <size>0x6f</size>
         <input_file_ref idref="fl-2"/>
      </object_component>
      <object_component id="oc-3f">
         <name>.debug_line</name>
         <load_address>0x8f</load_address>
         <run_address>0x8f</run_address>
         <size>0x20</size>
         <input_file_ref idref="fl-2"/>
      </object_component>
      <object_component id="oc-156">
         <name>.debug_line</name>
         <load_address>0xaf</load_address>
         <run_address>0xaf</run_address>
         <size>0x73</size>
         <input_file_ref idref="fl-2"/>
      </object_component>
      <object_component id="oc-c5">
         <name>.debug_line</name>
         <load_address>0x122</load_address>
         <run_address>0x122</run_address>
         <size>0x70</size>
         <input_file_ref idref="fl-2"/>
      </object_component>
      <object_component id="oc-16c">
         <name>.debug_line</name>
         <load_address>0x192</load_address>
         <run_address>0x192</run_address>
         <size>0x46</size>
         <input_file_ref idref="fl-3"/>
      </object_component>
      <object_component id="oc-1c1">
         <name>.debug_line</name>
         <load_address>0x1d8</load_address>
         <run_address>0x1d8</run_address>
         <size>0x20</size>
         <input_file_ref idref="fl-4"/>
      </object_component>
      <object_component id="oc-79">
         <name>.debug_line</name>
         <load_address>0x1f8</load_address>
         <run_address>0x1f8</run_address>
         <size>0x3d4</size>
         <input_file_ref idref="fl-4"/>
      </object_component>
      <object_component id="oc-105">
         <name>.debug_line</name>
         <load_address>0x5cc</load_address>
         <run_address>0x5cc</run_address>
         <size>0x2d</size>
         <input_file_ref idref="fl-4"/>
      </object_component>
      <object_component id="oc-c0">
         <name>.debug_line</name>
         <load_address>0x5f9</load_address>
         <run_address>0x5f9</run_address>
         <size>0x20</size>
         <input_file_ref idref="fl-4"/>
      </object_component>
      <object_component id="oc-28c">
         <name>.debug_line</name>
         <load_address>0x619</load_address>
         <run_address>0x619</run_address>
         <size>0x2e</size>
         <input_file_ref idref="fl-5"/>
      </object_component>
      <object_component id="oc-201">
         <name>.debug_line</name>
         <load_address>0x647</load_address>
         <run_address>0x647</run_address>
         <size>0x262</size>
         <input_file_ref idref="fl-5"/>
      </object_component>
      <object_component id="oc-290">
         <name>.debug_line</name>
         <load_address>0x8a9</load_address>
         <run_address>0x8a9</run_address>
         <size>0x3c</size>
         <input_file_ref idref="fl-5"/>
      </object_component>
      <object_component id="oc-259">
         <name>.debug_line</name>
         <load_address>0x8e5</load_address>
         <run_address>0x8e5</run_address>
         <size>0x6a</size>
         <input_file_ref idref="fl-5"/>
      </object_component>
      <object_component id="oc-293">
         <name>.debug_line</name>
         <load_address>0x94f</load_address>
         <run_address>0x94f</run_address>
         <size>0x80</size>
         <input_file_ref idref="fl-6"/>
      </object_component>
      <object_component id="oc-f3">
         <name>.debug_line</name>
         <load_address>0x9cf</load_address>
         <run_address>0x9cf</run_address>
         <size>0x64</size>
         <input_file_ref idref="fl-6"/>
      </object_component>
      <object_component id="oc-20c">
         <name>.debug_line</name>
         <load_address>0xa33</load_address>
         <run_address>0xa33</run_address>
         <size>0x3c</size>
         <input_file_ref idref="fl-6"/>
      </object_component>
      <object_component id="oc-25c">
         <name>.debug_line</name>
         <load_address>0xa6f</load_address>
         <run_address>0xa6f</run_address>
         <size>0xbe</size>
         <input_file_ref idref="fl-7"/>
      </object_component>
      <object_component id="oc-17d">
         <name>.debug_line</name>
         <load_address>0xb2d</load_address>
         <run_address>0xb2d</run_address>
         <size>0x129</size>
         <input_file_ref idref="fl-7"/>
      </object_component>
      <object_component id="oc-7e">
         <name>.debug_line</name>
         <load_address>0xc56</load_address>
         <run_address>0xc56</run_address>
         <size>0xde</size>
         <input_file_ref idref="fl-8"/>
      </object_component>
      <object_component id="oc-17a">
         <name>.debug_line</name>
         <load_address>0xd34</load_address>
         <run_address>0xd34</run_address>
         <size>0x48</size>
         <input_file_ref idref="fl-9"/>
      </object_component>
      <object_component id="oc-c8">
         <name>.debug_line</name>
         <load_address>0xd7c</load_address>
         <run_address>0xd7c</run_address>
         <size>0x41</size>
         <input_file_ref idref="fl-a"/>
      </object_component>
      <object_component id="oc-34">
         <name>.debug_line</name>
         <load_address>0xdbd</load_address>
         <run_address>0xdbd</run_address>
         <size>0x41</size>
         <input_file_ref idref="fl-a"/>
      </object_component>
      <object_component id="oc-28">
         <name>.debug_line</name>
         <load_address>0xdfe</load_address>
         <run_address>0xdfe</run_address>
         <size>0xa1</size>
         <input_file_ref idref="fl-a"/>
      </object_component>
      <object_component id="oc-24f">
         <name>.debug_line</name>
         <load_address>0xe9f</load_address>
         <run_address>0xe9f</run_address>
         <size>0x20</size>
         <input_file_ref idref="fl-b"/>
      </object_component>
      <object_component id="oc-170">
         <name>.debug_line</name>
         <load_address>0xebf</load_address>
         <run_address>0xebf</run_address>
         <size>0xee</size>
         <input_file_ref idref="fl-b"/>
      </object_component>
      <object_component id="oc-10c">
         <name>.debug_line</name>
         <load_address>0xfad</load_address>
         <run_address>0xfad</run_address>
         <size>0x94</size>
         <input_file_ref idref="fl-c"/>
      </object_component>
      <object_component id="oc-10a">
         <name>.debug_line</name>
         <load_address>0x1041</load_address>
         <run_address>0x1041</run_address>
         <size>0x31</size>
         <input_file_ref idref="fl-c"/>
      </object_component>
      <object_component id="oc-10e">
         <name>.debug_line</name>
         <load_address>0x1072</load_address>
         <run_address>0x1072</run_address>
         <size>0x31</size>
         <input_file_ref idref="fl-c"/>
      </object_component>
      <object_component id="oc-150">
         <name>.debug_line</name>
         <load_address>0x10a3</load_address>
         <run_address>0x10a3</run_address>
         <size>0x31</size>
         <input_file_ref idref="fl-c"/>
      </object_component>
      <object_component id="oc-152">
         <name>.debug_line</name>
         <load_address>0x10d4</load_address>
         <run_address>0x10d4</run_address>
         <size>0x31</size>
         <input_file_ref idref="fl-c"/>
      </object_component>
      <object_component id="oc-110">
         <name>.debug_line</name>
         <load_address>0x1105</load_address>
         <run_address>0x1105</run_address>
         <size>0x31</size>
         <input_file_ref idref="fl-c"/>
      </object_component>
      <object_component id="oc-112">
         <name>.debug_line</name>
         <load_address>0x1136</load_address>
         <run_address>0x1136</run_address>
         <size>0x31</size>
         <input_file_ref idref="fl-c"/>
      </object_component>
      <object_component id="oc-114">
         <name>.debug_line</name>
         <load_address>0x1167</load_address>
         <run_address>0x1167</run_address>
         <size>0x31</size>
         <input_file_ref idref="fl-c"/>
      </object_component>
      <object_component id="oc-116">
         <name>.debug_line</name>
         <load_address>0x1198</load_address>
         <run_address>0x1198</run_address>
         <size>0x31</size>
         <input_file_ref idref="fl-c"/>
      </object_component>
      <object_component id="oc-31">
         <name>.debug_line</name>
         <load_address>0x11c9</load_address>
         <run_address>0x11c9</run_address>
         <size>0x371</size>
         <input_file_ref idref="fl-c"/>
      </object_component>
      <object_component id="oc-1c5">
         <name>.debug_line</name>
         <load_address>0x153a</load_address>
         <run_address>0x153a</run_address>
         <size>0x2a</size>
         <input_file_ref idref="fl-c6"/>
      </object_component>
      <object_component id="oc-a0">
         <name>.debug_line</name>
         <load_address>0x1564</load_address>
         <run_address>0x1564</run_address>
         <size>0x5a</size>
         <input_file_ref idref="fl-c6"/>
      </object_component>
      <object_component id="oc-1eb">
         <name>.debug_line</name>
         <load_address>0x15be</load_address>
         <run_address>0x15be</run_address>
         <size>0x32</size>
         <input_file_ref idref="fl-c7"/>
      </object_component>
      <object_component id="oc-a7">
         <name>.debug_line</name>
         <load_address>0x15f0</load_address>
         <run_address>0x15f0</run_address>
         <size>0x218</size>
         <input_file_ref idref="fl-c7"/>
      </object_component>
      <object_component id="oc-1ef">
         <name>.debug_line</name>
         <load_address>0x1808</load_address>
         <run_address>0x1808</run_address>
         <size>0x9a</size>
         <input_file_ref idref="fl-c7"/>
      </object_component>
      <object_component id="oc-14b">
         <name>.debug_line</name>
         <load_address>0x18a2</load_address>
         <run_address>0x18a2</run_address>
         <size>0x97</size>
         <input_file_ref idref="fl-c7"/>
      </object_component>
      <object_component id="oc-12f">
         <name>.debug_line</name>
         <load_address>0x1939</load_address>
         <run_address>0x1939</run_address>
         <size>0xd2</size>
         <input_file_ref idref="fl-c8"/>
      </object_component>
      <object_component id="oc-139">
         <name>.debug_line</name>
         <load_address>0x1a0b</load_address>
         <run_address>0x1a0b</run_address>
         <size>0x77</size>
         <input_file_ref idref="fl-c9"/>
      </object_component>
      <object_component id="oc-1dc">
         <name>.debug_line</name>
         <load_address>0x1a82</load_address>
         <run_address>0x1a82</run_address>
         <size>0x77</size>
         <input_file_ref idref="fl-c9"/>
      </object_component>
      <object_component id="oc-ad">
         <name>.debug_line</name>
         <load_address>0x1af9</load_address>
         <run_address>0x1af9</run_address>
         <size>0x8e</size>
         <input_file_ref idref="fl-ca"/>
      </object_component>
      <object_component id="oc-121">
         <name>.debug_line</name>
         <load_address>0x1b87</load_address>
         <run_address>0x1b87</run_address>
         <size>0x5a</size>
         <input_file_ref idref="fl-cb"/>
      </object_component>
      <object_component id="oc-b5">
         <name>.debug_line</name>
         <load_address>0x1be1</load_address>
         <run_address>0x1be1</run_address>
         <size>0x67</size>
         <input_file_ref idref="fl-cc"/>
      </object_component>
      <object_component id="oc-a2">
         <name>.debug_line</name>
         <load_address>0x1c48</load_address>
         <run_address>0x1c48</run_address>
         <size>0x57</size>
         <input_file_ref idref="fl-cd"/>
      </object_component>
      <object_component id="oc-131">
         <name>.debug_line</name>
         <load_address>0x1c9f</load_address>
         <run_address>0x1c9f</run_address>
         <size>0x50</size>
         <input_file_ref idref="fl-ce"/>
      </object_component>
      <object_component id="oc-166">
         <name>.debug_line</name>
         <load_address>0x1cef</load_address>
         <run_address>0x1cef</run_address>
         <size>0x92</size>
         <input_file_ref idref="fl-cf"/>
      </object_component>
      <object_component id="oc-57">
         <name>.debug_line</name>
         <load_address>0x1d81</load_address>
         <run_address>0x1d81</run_address>
         <size>0x53</size>
         <input_file_ref idref="fl-cf"/>
      </object_component>
      <object_component id="oc-e0">
         <name>.debug_line</name>
         <load_address>0x1dd4</load_address>
         <run_address>0x1dd4</run_address>
         <size>0x34</size>
         <input_file_ref idref="fl-cf"/>
      </object_component>
      <object_component id="oc-163">
         <name>.debug_line</name>
         <load_address>0x1e08</load_address>
         <run_address>0x1e08</run_address>
         <size>0x92</size>
         <input_file_ref idref="fl-cf"/>
      </object_component>
      <object_component id="oc-db">
         <name>.debug_line</name>
         <load_address>0x1e9a</load_address>
         <run_address>0x1e9a</run_address>
         <size>0x20</size>
         <input_file_ref idref="fl-d0"/>
      </object_component>
      <object_component id="oc-1f">
         <name>.debug_line</name>
         <load_address>0x1eba</load_address>
         <run_address>0x1eba</run_address>
         <size>0x55</size>
         <input_file_ref idref="fl-d0"/>
      </object_component>
      <object_component id="oc-4a">
         <name>.debug_line</name>
         <load_address>0x1f0f</load_address>
         <run_address>0x1f0f</run_address>
         <size>0x3a</size>
         <input_file_ref idref="fl-d0"/>
      </object_component>
      <object_component id="oc-d8">
         <name>.debug_line</name>
         <load_address>0x1f49</load_address>
         <run_address>0x1f49</run_address>
         <size>0x92</size>
         <input_file_ref idref="fl-d0"/>
      </object_component>
      <object_component id="oc-15f">
         <name>.debug_line</name>
         <load_address>0x1fdb</load_address>
         <run_address>0x1fdb</run_address>
         <size>0x20</size>
         <input_file_ref idref="fl-d1"/>
      </object_component>
      <object_component id="oc-19">
         <name>.debug_line</name>
         <load_address>0x1ffb</load_address>
         <run_address>0x1ffb</run_address>
         <size>0xa9</size>
         <input_file_ref idref="fl-d1"/>
      </object_component>
      <object_component id="oc-3a">
         <name>.debug_line</name>
         <load_address>0x20a4</load_address>
         <run_address>0x20a4</run_address>
         <size>0x3a</size>
         <input_file_ref idref="fl-d1"/>
      </object_component>
      <object_component id="oc-15c">
         <name>.debug_line</name>
         <load_address>0x20de</load_address>
         <run_address>0x20de</run_address>
         <size>0x9a</size>
         <input_file_ref idref="fl-d1"/>
      </object_component>
      <object_component id="oc-d1">
         <name>.debug_line</name>
         <load_address>0x2178</load_address>
         <run_address>0x2178</run_address>
         <size>0x96</size>
         <input_file_ref idref="fl-d1"/>
      </object_component>
      <object_component id="oc-28a">
         <name>.debug_line</name>
         <load_address>0x220e</load_address>
         <run_address>0x220e</run_address>
         <size>0x2a</size>
         <input_file_ref idref="fl-d2"/>
      </object_component>
      <object_component id="oc-1fc">
         <name>.debug_line</name>
         <load_address>0x2238</load_address>
         <run_address>0x2238</run_address>
         <size>0x45</size>
         <input_file_ref idref="fl-d2"/>
      </object_component>
      <object_component id="oc-246">
         <name>.debug_line</name>
         <load_address>0x227d</load_address>
         <run_address>0x227d</run_address>
         <size>0x2a</size>
         <input_file_ref idref="fl-d3"/>
      </object_component>
      <object_component id="oc-244">
         <name>.debug_line</name>
         <load_address>0x22a7</load_address>
         <run_address>0x22a7</run_address>
         <size>0x30</size>
         <input_file_ref idref="fl-d3"/>
      </object_component>
      <object_component id="oc-13e">
         <name>.debug_line</name>
         <load_address>0x22d7</load_address>
         <run_address>0x22d7</run_address>
         <size>0x3fd</size>
         <input_file_ref idref="fl-d3"/>
      </object_component>
      <object_component id="oc-24a">
         <name>.debug_line</name>
         <load_address>0x26d4</load_address>
         <run_address>0x26d4</run_address>
         <size>0x9a</size>
         <input_file_ref idref="fl-d3"/>
      </object_component>
      <object_component id="oc-1e6">
         <name>.debug_line</name>
         <load_address>0x276e</load_address>
         <run_address>0x276e</run_address>
         <size>0x97</size>
         <input_file_ref idref="fl-d3"/>
      </object_component>
      <object_component id="oc-72">
         <name>.debug_line</name>
         <load_address>0x2805</load_address>
         <run_address>0x2805</run_address>
         <size>0x33</size>
         <input_file_ref idref="fl-d4"/>
      </object_component>
      <object_component id="oc-64">
         <name>.debug_line</name>
         <load_address>0x2838</load_address>
         <run_address>0x2838</run_address>
         <size>0x45</size>
         <input_file_ref idref="fl-d4"/>
      </object_component>
      <object_component id="oc-22f">
         <name>.debug_line</name>
         <load_address>0x287d</load_address>
         <run_address>0x287d</run_address>
         <size>0x20</size>
         <input_file_ref idref="fl-d5"/>
      </object_component>
      <object_component id="oc-11a">
         <name>.debug_line</name>
         <load_address>0x289d</load_address>
         <run_address>0x289d</run_address>
         <size>0x7b</size>
         <input_file_ref idref="fl-d5"/>
      </object_component>
      <object_component id="oc-24d">
         <name>.debug_line</name>
         <load_address>0x2918</load_address>
         <run_address>0x2918</run_address>
         <size>0x20</size>
         <input_file_ref idref="fl-d6"/>
      </object_component>
      <object_component id="oc-141">
         <name>.debug_line</name>
         <load_address>0x2938</load_address>
         <run_address>0x2938</run_address>
         <size>0x43</size>
         <input_file_ref idref="fl-d6"/>
      </object_component>
      <object_component id="oc-231">
         <name>.debug_line</name>
         <load_address>0x297b</load_address>
         <run_address>0x297b</run_address>
         <size>0x20</size>
         <input_file_ref idref="fl-d7"/>
      </object_component>
      <object_component id="oc-129">
         <name>.debug_line</name>
         <load_address>0x299b</load_address>
         <run_address>0x299b</run_address>
         <size>0x56</size>
         <input_file_ref idref="fl-d7"/>
      </object_component>
      <object_component id="oc-288">
         <name>.debug_line</name>
         <load_address>0x29f1</load_address>
         <run_address>0x29f1</run_address>
         <size>0x20</size>
         <input_file_ref idref="fl-d8"/>
      </object_component>
      <object_component id="oc-1d6">
         <name>.debug_line</name>
         <load_address>0x2a11</load_address>
         <run_address>0x2a11</run_address>
         <size>0xa8</size>
         <input_file_ref idref="fl-d8"/>
      </object_component>
      <object_component id="oc-286">
         <name>.debug_line</name>
         <load_address>0x2ab9</load_address>
         <run_address>0x2ab9</run_address>
         <size>0x9b</size>
         <input_file_ref idref="fl-d9"/>
      </object_component>
      <object_component id="oc-1cd">
         <name>.debug_line</name>
         <load_address>0x2b54</load_address>
         <run_address>0x2b54</run_address>
         <size>0xa4</size>
         <input_file_ref idref="fl-d9"/>
      </object_component>
      <object_component id="oc-43">
         <name>.debug_line</name>
         <load_address>0x2bf8</load_address>
         <run_address>0x2bf8</run_address>
         <size>0x88</size>
         <input_file_ref idref="fl-da"/>
      </object_component>
      <object_component id="oc-e4">
         <name>.debug_line</name>
         <load_address>0x2c80</load_address>
         <run_address>0x2c80</run_address>
         <size>0x79</size>
         <input_file_ref idref="fl-db"/>
      </object_component>
      <object_component id="oc-26d">
         <name>.debug_line</name>
         <load_address>0x2cf9</load_address>
         <run_address>0x2cf9</run_address>
         <size>0xbf</size>
         <input_file_ref idref="fl-dc"/>
      </object_component>
      <object_component id="oc-193">
         <name>.debug_line</name>
         <load_address>0x2db8</load_address>
         <run_address>0x2db8</run_address>
         <size>0x6f</size>
         <input_file_ref idref="fl-dc"/>
      </object_component>
      <object_component id="oc-271">
         <name>.debug_line</name>
         <load_address>0x2e27</load_address>
         <run_address>0x2e27</run_address>
         <size>0x2e</size>
         <input_file_ref idref="fl-dc"/>
      </object_component>
      <object_component id="oc-29a">
         <name>.debug_line</name>
         <load_address>0x2e55</load_address>
         <run_address>0x2e55</run_address>
         <size>0x9a</size>
         <input_file_ref idref="fl-dc"/>
      </object_component>
      <object_component id="oc-276">
         <name>.debug_line</name>
         <load_address>0x2eef</load_address>
         <run_address>0x2eef</run_address>
         <size>0x97</size>
         <input_file_ref idref="fl-dc"/>
      </object_component>
      <object_component id="oc-27b">
         <name>.debug_line</name>
         <load_address>0x2f86</load_address>
         <run_address>0x2f86</run_address>
         <size>0x93</size>
         <input_file_ref idref="fl-dc"/>
      </object_component>
      <object_component id="oc-ec">
         <name>.debug_line</name>
         <load_address>0x3019</load_address>
         <run_address>0x3019</run_address>
         <size>0x40</size>
         <input_file_ref idref="fl-dd"/>
      </object_component>
      <object_component id="oc-184">
         <name>.debug_line</name>
         <load_address>0x3059</load_address>
         <run_address>0x3059</run_address>
         <size>0x3c</size>
         <input_file_ref idref="fl-df"/>
      </object_component>
      <object_component id="oc-296">
         <name>.debug_line</name>
         <load_address>0x3095</load_address>
         <run_address>0x3095</run_address>
         <size>0x20</size>
         <input_file_ref idref="fl-e0"/>
      </object_component>
      <object_component id="oc-267">
         <name>.debug_line</name>
         <load_address>0x30b5</load_address>
         <run_address>0x30b5</run_address>
         <size>0x2b</size>
         <input_file_ref idref="fl-e0"/>
      </object_component>
      <object_component id="oc-263">
         <name>.debug_line</name>
         <load_address>0x30e0</load_address>
         <run_address>0x30e0</run_address>
         <size>0x3a</size>
         <input_file_ref idref="fl-e0"/>
      </object_component>
      <object_component id="oc-2a6">
         <name>.debug_line</name>
         <load_address>0x311a</load_address>
         <run_address>0x311a</run_address>
         <size>0x20</size>
         <input_file_ref idref="fl-e2"/>
      </object_component>
      <object_component id="oc-2a4">
         <name>.debug_line</name>
         <load_address>0x313a</load_address>
         <run_address>0x313a</run_address>
         <size>0x2b</size>
         <input_file_ref idref="fl-e2"/>
      </object_component>
      <object_component id="oc-234">
         <name>.debug_line</name>
         <load_address>0x3165</load_address>
         <run_address>0x3165</run_address>
         <size>0x40</size>
         <input_file_ref idref="fl-e2"/>
      </object_component>
      <object_component id="oc-23d">
         <name>.debug_line</name>
         <load_address>0x31a5</load_address>
         <run_address>0x31a5</run_address>
         <size>0x45</size>
         <input_file_ref idref="fl-e3"/>
      </object_component>
      <object_component id="oc-1f1">
         <name>.debug_abbrev</name>
         <load_address>0x0</load_address>
         <run_address>0x0</run_address>
         <size>0x27</size>
         <input_file_ref idref="fl-2"/>
      </object_component>
      <object_component id="oc-cb">
         <name>.debug_abbrev</name>
         <load_address>0x27</load_address>
         <run_address>0x27</run_address>
         <size>0x69</size>
         <input_file_ref idref="fl-2"/>
      </object_component>
      <object_component id="oc-3e">
         <name>.debug_abbrev</name>
         <load_address>0x90</load_address>
         <run_address>0x90</run_address>
         <size>0x1f</size>
         <input_file_ref idref="fl-2"/>
      </object_component>
[...]
      </symbol>
      <symbol id="sm-e3">
         <name>selectPinInterruptRisingEdge</name>
         <value>0x114b</value>
         <object_component_ref idref="oc-74"/>
      </symbol>
      <symbol id="sm-e4">
         <name>setPinValue</name>
         <value>0x1321</value>
         <object_component_ref idref="oc-74"/>
      </symbol>
      <symbol id="sm-139">
         <name>getFieldChar</name>
         <value>0x2889</value>
         <object_component_ref idref="oc-1fd"/>
      </symbol>
      <symbol id="sm-13a">
         <name>isCommand</name>
         <value>0x298f</value>
         <object_component_ref idref="oc-1fd"/>
      </symbol>
      <symbol id="sm-13b">
         <name>getFieldString</name>
         <value>0x2903</value>
         <object_component_ref idref="oc-1fd"/>
      </symbol>
      <symbol id="sm-13c">
         <name>stringToInt</name>
         <value>0x28c9</value>
         <object_component_ref idref="oc-1fd"/>
      </symbol>
      <symbol id="sm-13d">
         <name>parseFields</name>
         <value>0x2769</value>
         <object_component_ref idref="oc-1fd"/>
      </symbol>
      <symbol id="sm-13e">
         <name>getFieldInteger</name>
         <value>0x2849</value>
         <object_component_ref idref="oc-1fd"/>
      </symbol>
      <symbol id="sm-13f">
         <name>LenOfStr</name>
         <value>0x2935</value>
         <object_component_ref idref="oc-1fd"/>
      </symbol>
      <symbol id="sm-140">
         <name>Stringcmpr</name>
         <value>0x2959</value>
         <object_component_ref idref="oc-1fd"/>
      </symbol>
      <symbol id="sm-141">
         <name>HexToU32</name>
         <value>0x2a0d</value>
         <object_component_ref idref="oc-1fd"/>
      </symbol>
      <symbol id="sm-142">
         <name>getsUart0</name>
         <value>0x26ed</value>
         <object_component_ref idref="oc-1fd"/>
      </symbol>
      <symbol id="sm-15b">
         <name>main</name>
         <value>0x38e3</value>
         <object_component_ref idref="oc-ef"/>
      </symbol>
      <symbol id="sm-15c">
         <name>intHW</name>
         <value>0x38a5</value>
         <object_component_ref idref="oc-ef"/>
      </symbol>
      <symbol id="sm-1b9">
         <name>input</name>
         <value>0x20002000</value>
      </symbol>
      <symbol id="sm-1ba">
         <name>shell</name>
         <value>0x21c9</value>
         <object_component_ref idref="oc-17b"/>
      </symbol>
      <symbol id="sm-1d7">
         <name>setSpi1Mode</name>
         <value>0x3187</value>
         <object_component_ref idref="oc-7a"/>
      </symbol>
      <symbol id="sm-1d8">
         <name>readSpi1Data</name>
         <value>0x31fb</value>
         <object_component_ref idref="oc-7a"/>
      </symbol>
      <symbol id="sm-1d9">
         <name>setSpi1BaudRate</name>
         <value>0x3151</value>
         <object_component_ref idref="oc-7a"/>
      </symbol>
      <symbol id="sm-1da">
         <name>writeSpi1Data</name>
         <value>0x31e3</value>
         <object_component_ref idref="oc-7a"/>
      </symbol>
      <symbol id="sm-1db">
         <name>initSpi1</name>
         <value>0x30c1</value>
         <object_component_ref idref="oc-7a"/>
      </symbol>
      <symbol id="sm-1e9">
         <name>init_SysTick</name>
         <value>0x3ad5</value>
         <object_component_ref idref="oc-175"/>
      </symbol>
      <symbol id="sm-205">
         <name>ResetISR</name>
         <value>0x3b51</value>
         <object_component_ref idref="oc-27"/>
      </symbol>
      <symbol id="sm-206">
         <name>g_pfnVectors</name>
         <value>0x0</value>
         <object_component_ref idref="oc-12"/>
      </symbol>
      <symbol id="sm-22d">
         <name>getcUart0</name>
         <value>0x305d</value>
         <object_component_ref idref="oc-16f"/>
      </symbol>
      <symbol id="sm-22e">
         <name>kbhitUart0</name>
         <value>0x3071</value>
         <object_component_ref idref="oc-16f"/>
      </symbol>
      <symbol id="sm-22f">
         <name>setUart0BaudRate</name>
         <value>0x2fd1</value>
         <object_component_ref idref="oc-16f"/>
      </symbol>
      <symbol id="sm-230">
         <name>putsUart0</name>
         <value>0x3031</value>
         <object_component_ref idref="oc-16f"/>
      </symbol>
      <symbol id="sm-231">
         <name>initUart0</name>
         <value>0x2f5d</value>
         <object_component_ref idref="oc-16f"/>
      </symbol>
      <symbol id="sm-232">
         <name>putcUart0</name>
         <value>0x3015</value>
         <object_component_ref idref="oc-16f"/>
      </symbol>
      <symbol id="sm-31d">
         <name>sineDacTable</name>
         <value>0x20000000</value>
      </symbol>
      <symbol id="sm-31e">
         <name>filter</name>
         <value>0x20002215</value>
      </symbol>
      <symbol id="sm-31f">
         <name>bufferI</name>
         <value>0x20002100</value>
      </symbol>
      <symbol id="sm-320">
         <name>bufferQ</name>
         <value>0x20002184</value>
      </symbol>
      <symbol id="sm-321">
         <name>count</name>
         <value>0x20002214</value>
      </symbol>
      <symbol id="sm-322">
         <name>rawI</name>
         <value>0x20002210</value>
      </symbol>
      <symbol id="sm-323">
         <name>rawQ</name>
         <value>0x20002212</value>
      </symbol>
      <symbol id="sm-324">
         <name>dcI</name>
         <value>0x20002208</value>
      </symbol>
      <symbol id="sm-325">
         <name>dcQ</name>
         <value>0x2000220c</value>
      </symbol>
      <symbol id="sm-326">
         <name>samplesPerSymbol</name>
         <value>0x200026cc</value>
         <object_component_ref idref="oc-80"/>
      </symbol>
      <symbol id="sm-327">
         <name>symbolRate</name>
         <value>0x200026c8</value>
         <object_component_ref idref="oc-80"/>
      </symbol>
      <symbol id="sm-328">
         <name>setTransmitBuffer</name>
         <value>0x2e1</value>
         <object_component_ref idref="oc-2d"/>
      </symbol>
      <symbol id="sm-329">
         <name>ldac_on</name>
         <value>0x26d</value>
         <object_component_ref idref="oc-2d"/>
      </symbol>
      <symbol id="sm-32a">
         <name>frequency</name>
         <value>0x200026a0</value>
         <object_component_ref idref="oc-80"/>
      </symbol>
      <symbol id="sm-32b">
         <name>setSymbolRate</name>
         <value>0x339</value>
         <object_component_ref idref="oc-2d"/>
      </symbol>
      <symbol id="sm-32c">
         <name>txByteIndex</name>
         <value>0x200026c0</value>
         <object_component_ref idref="oc-80"/>
      </symbol>
      <symbol id="sm-32d">
         <name>phase</name>
         <value>0x200026a4</value>
         <object_component_ref idref="oc-80"/>
      </symbol>
      <symbol id="sm-32e">
         <name>sampleTick</name>
         <value>0x200026d0</value>
         <object_component_ref idref="oc-80"/>
      </symbol>
      <symbol id="sm-32f">
         <name>sine_values</name>
         <value>0xb39</value>
         <object_component_ref idref="oc-2d"/>
      </symbol>
      <symbol id="sm-330">
         <name>freq_o</name>
         <value>0x200026ac</value>
         <object_component_ref idref="oc-80"/>
      </symbol>
      <symbol id="sm-331">
         <name>ISR</name>
         <value>0x465</value>
         <object_component_ref idref="oc-2d"/>
      </symbol>
      <symbol id="sm-332">
         <name>setPhase</name>
         <value>0x305</value>
         <object_component_ref idref="oc-2d"/>
      </symbol>
      <symbol id="sm-333">
         <name>phaseCosine</name>
         <value>0x200026b4</value>
         <object_component_ref idref="oc-80"/>
      </symbol>
      <symbol id="sm-334">
         <name>txLength</name>
         <value>0x200026bc</value>
         <object_component_ref idref="oc-80"/>
      </symbol>
      <symbol id="sm-335">
         <name>Qqam</name>
         <value>0x200026f4</value>
         <object_component_ref idref="oc-b9"/>
      </symbol>
      <symbol id="sm-336">
         <name>Iqpsk</name>
         <value>0x2000273c</value>
         <object_component_ref idref="oc-8f"/>
      </symbol>
      <symbol id="sm-337">
         <name>setFilterStatus</name>
         <value>0x289</value>
         <object_component_ref idref="oc-2d"/>
      </symbol>
      <symbol id="sm-338">
         <name>RRCfilter</name>
         <value>0x20002618</value>
         <object_component_ref idref="oc-87"/>
      </symbol>
      <symbol id="sm-339">
         <name>writeDacAB</name>
         <value>0x29d</value>
         <object_component_ref idref="oc-2d"/>
      </symbol>
      <symbol id="sm-33a">
         <name>Iepsk</name>
         <value>0x20002714</value>
         <object_component_ref idref="oc-95"/>
      </symbol>
      <symbol id="sm-33b">
         <name>Qqpsk</name>
         <value>0x20002744</value>
         <object_component_ref idref="oc-92"/>
      </symbol>
      <symbol id="sm-33c">
         <name>ldac_off</name>
         <value>0x27b</value>
         <object_component_ref idref="oc-2d"/>
      </symbol>
      <symbol id="sm-33d">
         <name>mvToV</name>
         <value>0xbdf</value>
         <object_component_ref idref="oc-2d"/>
      </symbol>
      <symbol id="sm-33e">
         <name>delta_phase</name>
         <value>0x200026a8</value>
         <object_component_ref idref="oc-80"/>
      </symbol>
      <symbol id="sm-33f">
         <name>convolve</name>
         <value>0x36d</value>
         <object_component_ref idref="oc-2d"/>
      </symbol>
      <symbol id="sm-340">
         <name>Qepsk</name>
         <value>0x20002724</value>
         <object_component_ref idref="oc-98"/>
      </symbol>
      <symbol id="sm-341">
         <name>voltageToDacCode</name>
         <value>0xac9</value>
         <object_component_ref idref="oc-2d"/>
      </symbol>
      <symbol id="sm-342">
         <name>Iqam</name>
         <value>0x200026d4</value>
         <object_component_ref idref="oc-b6"/>
      </symbol>
      <symbol id="sm-343">
         <name>mode</name>
         <value>0x2000269c</value>
         <object_component_ref idref="oc-80"/>
      </symbol>
      <symbol id="sm-344">
         <name>txBuffer</name>
         <value>0x200026b8</value>
         <object_component_ref idref="oc-80"/>
      </symbol>
      <symbol id="sm-345">
         <name>txBitIndex</name>
         <value>0x200026c4</value>
         <object_component_ref idref="oc-80"/>
      </symbol>
      <symbol id="sm-346">
         <name>sendDacI</name>
         <value>0xc0d</value>
         <object_component_ref idref="oc-2d"/>
      </symbol>
      <symbol id="sm-347">
         <name>sendDacQ</name>
         <value>0xc39</value>
         <object_component_ref idref="oc-2d"/>
      </symbol>
      <symbol id="sm-348">
         <name>phaseSine</name>
         <value>0x200026b0</value>
         <object_component_ref idref="oc-80"/>
      </symbol>
      <symbol id="sm-357">
         <name>roundf</name>
         <value>0x37c7</value>
         <object_component_ref idref="oc-9b"/>
      </symbol>
      <symbol id="sm-3b1">
         <name>sin</name>
         <value>0x1be9</value>
         <object_component_ref idref="oc-a6"/>
      </symbol>
      <symbol id="sm-3b2">
         <name>sinl</name>
         <value>0x1be9</value>
         <object_component_ref idref="oc-a6"/>
      </symbol>
      <symbol id="sm-3c9">
         <name>__aeabi_dsub</name>
         <value>0x2ac1</value>
         <object_component_ref idref="oc-12b"/>
      </symbol>
      <symbol id="sm-3ca">
         <name>__aeabi_dadd</name>
         <value>0x2acb</value>
         <object_component_ref idref="oc-12b"/>
      </symbol>
      <symbol id="sm-3ec">
         <name>__aeabi_cdcmpeq</name>
         <value>0x35c1</value>
         <object_component_ref idref="oc-135"/>
      </symbol>
      <symbol id="sm-3ed">
         <name>__aeabi_cdcmple</name>
         <value>0x35c1</value>
         <object_component_ref idref="oc-135"/>
      </symbol>
      <symbol id="sm-3ee">
         <name>__aeabi_cdrcmple</name>
         <value>0x3647</value>
         <object_component_ref idref="oc-1d8"/>
      </symbol>
      <symbol id="sm-3f9">
         <name>__aeabi_dmul</name>
         <value>0x3331</value>
         <object_component_ref idref="oc-ac"/>
      </symbol>
      <symbol id="sm-403">
         <name>__aeabi_d2iz</name>
         <value>0x3979</value>
         <object_component_ref idref="oc-120"/>
      </symbol>
      <symbol id="sm-40f">
         <name>__aeabi_d2f</name>
         <value>0x3835</value>
         <object_component_ref idref="oc-b1"/>
      </symbol>
      <symbol id="sm-41a">
         <name>__aeabi_f2d</name>
         <value>0x3a05</value>
         <object_component_ref idref="oc-a1"/>
      </symbol>
      <symbol id="sm-424">
         <name>__aeabi_i2d</name>
         <value>0x3aa5</value>
         <object_component_ref idref="oc-130"/>
      </symbol>
      <symbol id="sm-43b">
         <name>__TI_zero_init</name>
         <value>0x3b45</value>
         <object_component_ref idref="oc-53"/>
      </symbol>
      <symbol id="sm-452">
         <name>__TI_decompress_none</name>
         <value>0x3b37</value>
         <object_component_ref idref="oc-1b"/>
      </symbol>
      <symbol id="sm-475">
         <name>__TI_decompress_lzss</name>
         <value>0x3911</value>
         <object_component_ref idref="oc-15"/>
      </symbol>
      <symbol id="sm-48b">
         <name>rand</name>
         <value>0x3a71</value>
         <object_component_ref idref="oc-1f7"/>
      </symbol>
      <symbol id="sm-4fb">
         <name>__kernel_rem_pio2</name>
         <value>0x14b1</value>
         <object_component_ref idref="oc-13a"/>
      </symbol>
      <symbol id="sm-50e">
         <name>__stack</name>
         <value>0x20002218</value>
         <object_component_ref idref="oc-24"/>
      </symbol>
      <symbol id="sm-50f">
         <name>_c_int00_noargs</name>
         <value>0x3a3d</value>
         <object_component_ref idref="oc-5f"/>
      </symbol>
      <symbol id="sm-527">
         <name>floorf</name>
         <value>0x36cd</value>
         <object_component_ref idref="oc-117"/>
      </symbol>
      <symbol id="sm-53d">
         <name>__kernel_cos</name>
         <value>0x2ded</value>
         <object_component_ref idref="oc-140"/>
      </symbol>
      <symbol id="sm-554">
         <name>__kernel_sin</name>
         <value>0x2c79</value>
         <object_component_ref idref="oc-125"/>
      </symbol>
      <symbol id="sm-571">
         <name>floorl</name>
         <value>0x342d</value>
         <object_component_ref idref="oc-1d2"/>
      </symbol>
      <symbol id="sm-572">
         <name>floor</name>
         <value>0x342d</value>
         <object_component_ref idref="oc-1d2"/>
      </symbol>
      <symbol id="sm-58f">
         <name>scalbn</name>
         <value>0x3221</value>
         <object_component_ref idref="oc-1cc"/>
      </symbol>
      <symbol id="sm-590">
         <name>scalbnl</name>
         <value>0x3221</value>
         <object_component_ref idref="oc-1cc"/>
      </symbol>
      <symbol id="sm-591">
         <name>ldexpl</name>
         <value>0x3221</value>
         <object_component_ref idref="oc-1cc"/>
      </symbol>
      <symbol id="sm-592">
         <name>ldexp</name>
         <value>0x3221</value>
         <object_component_ref idref="oc-1cc"/>
      </symbol>
      <symbol id="sm-5ad">
         <name>memcpy</name>
         <value>0x3525</value>
         <object_component_ref idref="oc-41"/>
      </symbol>
      <symbol id="sm-5ae">
         <name>__aeabi_memcpy</name>
         <value>0x3525</value>
         <object_component_ref idref="oc-41"/>
      </symbol>
      <symbol id="sm-5af">
         <name>__aeabi_memcpy8</name>
         <value>0x3525</value>
         <object_component_ref idref="oc-41"/>
      </symbol>
      <symbol id="sm-5b0">
         <name>__aeabi_memcpy4</name>
         <value>0x3525</value>
         <object_component_ref idref="oc-41"/>
      </symbol>
      <symbol id="sm-5bf">
         <name>__aeabi_memset</name>
         <value>0x374f</value>
         <object_component_ref idref="oc-e3"/>
      </symbol>
      <symbol id="sm-5c0">
         <name>memset</name>
         <value>0x3755</value>
         <object_component_ref idref="oc-e3"/>
      </symbol>
      <symbol id="sm-5c1">
         <name>__aeabi_memset8</name>
         <value>0x374f</value>
         <object_component_ref idref="oc-e3"/>
      </symbol>
      <symbol id="sm-5c2">
         <name>__aeabi_memset4</name>
         <value>0x374f</value>
         <object_component_ref idref="oc-e3"/>
      </symbol>
      <symbol id="sm-5c3">
         <name>__aeabi_memclr8</name>
         <value>0x374d</value>
         <object_component_ref idref="oc-e3"/>
      </symbol>
      <symbol id="sm-5c4">
         <name>__aeabi_memclr4</name>
         <value>0x374d</value>
         <object_component_ref idref="oc-e3"/>
      </symbol>
      <symbol id="sm-5c5">
         <name>__aeabi_memclr</name>
         <value>0x374d</value>
         <object_component_ref idref="oc-e3"/>
      </symbol>
      <symbol id="sm-5ed">
         <name>__TI_auto_init_nobinit_nopinit</name>
         <value>0x39c1</value>
         <object_component_ref idref="oc-18e"/>
      </symbol>
      <symbol id="sm-5f7">
         <name>_system_pre_init</name>
         <value>0x3b65</value>
         <object_component_ref idref="oc-e9"/>
      </symbol>
      <symbol id="sm-603">
         <name>C$$EXIT</name>
         <value>0x3b69</value>
         <object_component_ref idref="oc-182"/>
      </symbol>
      <symbol id="sm-604">
         <name>abort</name>
         <value>0x3b69</value>
         <object_component_ref idref="oc-182"/>
      </symbol>
      <symbol id="sm-619">
         <name>_nop</name>
         <value>0x2c77</value>
         <object_component_ref idref="oc-260"/>
      </symbol>
      <symbol id="sm-61a">
         <name>_lock</name>
         <value>0x20002734</value>
         <object_component_ref idref="oc-212"/>
      </symbol>
      <symbol id="sm-61b">
         <name>_unlock</name>
         <value>0x20002738</value>
         <object_component_ref idref="oc-212"/>
      </symbol>
      <symbol id="sm-632">
         <name>__aeabi_errno_addr</name>
         <value>0x3b5d</value>
         <object_component_ref idref="oc-232"/>
      </symbol>
      <symbol id="sm-633">
         <name>errno</name>
         <value>0x2000274c</value>
         <object_component_ref idref="oc-27f"/>
      </symbol>
      <symbol id="sm-63d">
         <name>copysign</name>
         <value>0x3b1d</value>
         <object_component_ref idref="oc-238"/>
      </symbol>
      <symbol id="sm-63e">
         <name>copysignl</name>
         <value>0x3b1d</value>
         <object_component_ref idref="oc-238"/>
      </symbol>
      <symbol id="sm-63f">
         <name>__TI_static_base__</name>
         <value>0x0</value>
      </symbol>
      <symbol id="sm-642">
         <name>__mpu_init</name>
         <value>0x0</value>
      </symbol>
      <symbol id="sm-643">
         <name>_system_post_cinit</name>
         <value>0x0</value>
      </symbol>
   </symbol_table>
   <title>Link successful</title>
</link_info>
