******************************************************************************
                  TI ARM Linker PC v20.2.7                     
******************************************************************************
>> Linked Fri Feb 27 12:04:08 2026

OUTPUT FILE NAME:   <wireless.out>
ENTRY POINT SYMBOL: "_c_int00_noargs"  address: 00003b05


MEMORY CONFIGURATION

         name            origin    length      used     unused   attr    fill
----------------------  --------  ---------  --------  --------  ----  --------
  FLASH                 00000000   00040000  00003e84  0003c17c  R  X
  SRAM                  20000000   00008000  0000275e  000058a2  RW X


SEGMENT ALLOCATION MAP

run origin  load origin   length   init length attrs members
----------  ----------- ---------- ----------- ----- -------
00000000    00000000    00003e88   00003e88    r-x
  00000000    00000000    0000026c   0000026c    r-- .intvecs
  0000026c    0000026c    000039c8   000039c8    r-x .text
  00003c38    00003c38    00000158   00000158    r-- .const
  00003d90    00003d90    000000f8   000000f8    r-- .cinit
20000000    20000000    00002760   00000000    rw-
  20000000    20000000    00002216   00000000    rw- .bss
  20002218    20002218    00000400   00000000    rw- .stack
  20002618    20002618    00000148   00000000    rw- .data


SECTION ALLOCATION MAP

 output                                  attributes/
section   page    origin      length       input sections
--------  ----  ----------  ----------   ----------------
.intvecs   0    00000000    0000026c     
                  00000000    0000026c     tm4c123gh6pm_startup_ccs.obj (.intvecs)

.text      0    0000026c    000039c8     
                  0000026c    00000b6c     wireless.obj (.text)
                  00000dd8    00000808     gpio.obj (.text)
                  000015e0    00000738     rtsv7M4_T_le_v4SPD16_eabi.lib : k_rem_pio2.c.obj (.text:__kernel_rem_pio2)
                  00001d18    000005e0                                   : s_sin.c.obj (.text:sin)
                  000022f8    000004bc     shell_interface.obj (.text)
                  000027b4    000003d4     interface_functions.obj (.text)
                  00002b88    000001b6     rtsv7M4_T_le_v4SPD16_eabi.lib : fd_add_t2.asm.obj (.text)
                  00002d3e    00000002                                   : _lock.c.obj (.text:_nop)
                  00002d40    00000174                                   : k_sin.c.obj (.text:__kernel_sin)
                  00002eb4    00000170                                   : k_cos.c.obj (.text:__kernel_cos)
                  00003024    00000164     uart0.obj (.text)
                  00003188    00000160     spi1.obj (.text)
                  000032e8    00000110     rtsv7M4_T_le_v4SPD16_eabi.lib : s_scalbn.c.obj (.text:scalbn)
                  000033f8    000000fc                                   : fd_mul_t2.asm.obj (.text)
                  000034f4    000000f8                                   : s_floor.c.obj (.text:floor)
                  000035ec    0000009c                                   : memcpy_t2.asm.obj (.text)
                  00003688    00000086                                   : fd_cmp_t2.asm.obj (.text:__aeabi_cdcmple)
                  0000370e    00000086                                   : fd_cmp_t2.asm.obj (.text:__aeabi_cdrcmple)
                  00003794    00000080                                   : s_floorf.c.obj (.text:floorf)
                  00003814    0000007a                                   : memset_t2.asm.obj (.text)
                  0000388e    0000006e                                   : s_roundf.c.obj (.text:roundf)
                  000038fc    0000006e                                   : fd_tos_t2.asm.obj (.text)
                  0000396a    00000002     --HOLE-- [fill = 0]
                  0000396c    0000006c     main.obj (.text)
                  000039d8    00000068     rtsv7M4_T_le_v4SPD16_eabi.lib : copy_decompress_lzss.c.obj (.text:decompress:lzss:__TI_decompress_lzss)
                  00003a40    00000048                                   : fd_toi_t2.asm.obj (.text)
                  00003a88    00000044                                   : autoinit.c.obj (.text:__TI_auto_init_nobinit_nopinit:__TI_auto_init_nobinit_nopinit)
                  00003acc    00000038                                   : fs_tod_t2.asm.obj (.text)
                  00003b04    00000034                                   : boot_cortex_m.c.obj (.text:_c_int00_noargs:_c_int00_noargs)
                  00003b38    00000034                                   : rand.c.obj (.text:rand)
                  00003b6c    0000002e                                   : i_tofd_t2.asm.obj (.text)
                  00003b9a    00000002     --HOLE-- [fill = 0]
                  00003b9c    0000002c     systick.obj (.text)
                  00003bc8    0000001c     clock80.obj (.text)
                  00003be4    0000001a     rtsv7M4_T_le_v4SPD16_eabi.lib : s_copysign.c.obj (.text:copysign)
                  00003bfe    0000000e                                   : copy_decompress_none.c.obj (.text:decompress:none:__TI_decompress_none)
                  00003c0c    0000000c                                   : copy_zero_init.c.obj (.text:decompress:ZI:__TI_zero_init)
                  00003c18    0000000c     tm4c123gh6pm_startup_ccs.obj (.text)
                  00003c24    00000008     rtsv7M4_T_le_v4SPD16_eabi.lib : errno.c.obj (.text:__aeabi_errno_addr)
                  00003c2c    00000004                                   : pre_init.c.obj (.text:_system_pre_init)
                  00003c30    00000004                                   : exit.c.obj (.text:abort:abort)

.const     0    00003c38    00000158     
                  00003c38    00000158     rtsv7M4_T_le_v4SPD16_eabi.lib : k_rem_pio2.c.obj (.const:$O1$$)

.cinit     0    00003d90    000000f8     
                  00003d90    000000d1     (.cinit..data.load) [load image, compression = lzss]
                  00003e61    00000003     --HOLE-- [fill = 0]
                  00003e64    0000000c     (__TI_handler_table)
                  00003e70    00000008     (.cinit..bss.load) [load image, compression = zero_init]
                  00003e78    00000010     (__TI_cinit_table)

.init_array 
*          0    00000000    00000000     UNINITIALIZED

.bss       0    20000000    00002216     UNINITIALIZED
                  20000000    00002000     (.common:sineDacTable)
                  20002000    00000100     (.common:input)
                  20002100    00000084     (.common:bufferI)
                  20002184    00000084     (.common:bufferQ)
                  20002208    00000004     (.common:dcI)
                  2000220c    00000004     (.common:dcQ)
                  20002210    00000002     (.common:rawI)
                  20002212    00000002     (.common:rawQ)
                  20002214    00000001     (.common:count)
                  20002215    00000001     (.common:filter)

.data      0    20002618    00000148     UNINITIALIZED
                  20002618    00000084     wireless.obj (.data:RRCfilter)
                  2000269c    00000044     wireless.obj (.data)
                  200026e0    00000020     wireless.obj (.data:Iqam)
                  20002700    00000020     wireless.obj (.data:Qqam)
                  20002720    00000010     wireless.obj (.data:Iepsk)
                  20002730    00000010     wireless.obj (.data:Qepsk)
                  20002740    00000008     rtsv7M4_T_le_v4SPD16_eabi.lib : _lock.c.obj (.data:$O1$$)
                  20002748    00000008     wireless.obj (.data:Iqpsk)
                  20002750    00000008     wireless.obj (.data:Qqpsk)
                  20002758    00000004     rtsv7M4_T_le_v4SPD16_eabi.lib : errno.c.obj (.data)
                  2000275c    00000004                                   : rand.c.obj (.data)

.stack     0    20002218    00000400     UNINITIALIZED
                  20002218    00000004     rtsv7M4_T_le_v4SPD16_eabi.lib : boot_cortex_m.c.obj (.stack)
                  2000221c    000003fc     --HOLE--

__llvm_prf_cnts 
*          0    20000000    00000000     UNINITIALIZED

MODULE SUMMARY

       Module                         code    ro data   rw data
       ------                         ----    -------   -------
    .\
       wireless.obj                   2924    0         8782   
       gpio.obj                       2056    0         0      
       shell_interface.obj            1212    0         256    
       interface_functions.obj        980     0         0      
       tm4c123gh6pm_startup_ccs.obj   12      620       0      
       uart0.obj                      356     0         0      
       spi1.obj                       352     0         0      
       main.obj                       108     0         0      
       systick.obj                    44      0         0      
       clock80.obj                    28      0         0      
    +--+------------------------------+-------+---------+---------+
       Total:                         8072    620       9038   
                                                               
    C:\ti\ccs1281\ccs\tools\compiler\ti-cgt-arm_20.2.7.LTS\lib\rtsv7M4_T_le_v4SPD16_eabi.lib
       k_rem_pio2.c.obj               1848    344       0      
       s_sin.c.obj                    1504    0         0      
       fd_add_t2.asm.obj              438     0         0      
       k_sin.c.obj                    372     0         0      
       k_cos.c.obj                    368     0         0      
       s_scalbn.c.obj                 272     0         0      
       fd_cmp_t2.asm.obj              268     0         0      
       fd_mul_t2.asm.obj              252     0         0      
       s_floor.c.obj                  248     0         0      
       memcpy_t2.asm.obj              156     0         0      
       s_floorf.c.obj                 128     0         0      
       memset_t2.asm.obj              122     0         0      
       fd_tos_t2.asm.obj              110     0         0      
       s_roundf.c.obj                 110     0         0      
       copy_decompress_lzss.c.obj     104     0         0      
       fd_toi_t2.asm.obj              72      0         0      
       autoinit.c.obj                 68      0         0      
       fs_tod_t2.asm.obj              56      0         0      
       rand.c.obj                     52      0         4      
       boot_cortex_m.c.obj            52      0         0      
       i_tofd_t2.asm.obj              46      0         0      
       s_copysign.c.obj               26      0         0      
       copy_decompress_none.c.obj     14      0         0      
       copy_zero_init.c.obj           12      0         0      
       errno.c.obj                    8       0         4      
       _lock.c.obj                    2       0         8      
       exit.c.obj                     4       0         0      
       pre_init.c.obj                 4       0         0      
    +--+------------------------------+-------+---------+---------+
       Total:                         6716    344       16     
                                                               
       Stack:                         0       0         1024   
       Linker Generated:              0       245       0      
    +--+------------------------------+-------+---------+---------+
       Grand Total:                   14788   1209      10078  


LINKER GENERATED COPY TABLES

__TI_cinit_table @ 00003e78 records: 2, size/record: 8, table size: 16
	.data: load addr=00003d90, load size=000000d1 bytes, run addr=20002618, run size=00000148 bytes, compression=lzss
	.bss: load addr=00003e70, load size=00000008 bytes, run addr=20000000, run size=00002216 bytes, compression=zero_init


LINKER GENERATED HANDLER TABLE

__TI_handler_table @ 00003e64 records: 3, size/record: 4, table size: 12
	index: 0, handler: __TI_decompress_lzss
	index: 1, handler: __TI_decompress_none
	index: 2, handler: __TI_zero_init


GLOBAL SYMBOLS: SORTED ALPHABETICALLY BY Name 

address   name                          
-------   ----                          
00003c31  C$$EXIT                       
00002ad5  HexToU32                      
000004c5  ISR                           
20002720  Iepsk                         
200026e0  Iqam                          
20002748  Iqpsk                         
000029fd  LenOfStr                      
20002730  Qepsk                         
20002700  Qqam                          
20002750  Qqpsk                         
20002618  RRCfilter                     
00003c19  ResetISR                      
00002a21  Stringcmpr                    
20002618  __STACK_END                   
00000400  __STACK_SIZE                  
20002418  __STACK_TOP                   
00003e78  __TI_CINIT_Base               
00003e88  __TI_CINIT_Limit              
00003e64  __TI_Handler_Table_Base       
00003e70  __TI_Handler_Table_Limit      
00003a89  __TI_auto_init_nobinit_nopinit
000039d9  __TI_decompress_lzss          
00003bff  __TI_decompress_none          
ffffffff  __TI_pprof_out_hndl           
ffffffff  __TI_prof_data_size           
ffffffff  __TI_prof_data_start          
00000000  __TI_static_base__            
00003c0d  __TI_zero_init                
00003689  __aeabi_cdcmpeq               
00003689  __aeabi_cdcmple               
0000370f  __aeabi_cdrcmple              
000038fd  __aeabi_d2f                   
00003a41  __aeabi_d2iz                  
00002b93  __aeabi_dadd                  
000033f9  __aeabi_dmul                  
00002b89  __aeabi_dsub                  
00003c25  __aeabi_errno_addr            
00003acd  __aeabi_f2d                   
00003b6d  __aeabi_i2d                   
00003815  __aeabi_memclr                
00003815  __aeabi_memclr4               
00003815  __aeabi_memclr8               
000035ed  __aeabi_memcpy                
000035ed  __aeabi_memcpy4               
000035ed  __aeabi_memcpy8               
00003817  __aeabi_memset                
00003817  __aeabi_memset4               
00003817  __aeabi_memset8               
ffffffff  __binit__                     
ffffffff  __c_args__                    
00002eb5  __kernel_cos                  
000015e1  __kernel_rem_pio2             
00002d41  __kernel_sin                  
UNDEFED   __mpu_init                    
20002218  __stack                       
20000000  __start___llvm_prf_cnts       
20000000  __stop___llvm_prf_cnts        
00003b05  _c_int00_noargs               
20002740  _lock                         
00002d3f  _nop                          
UNDEFED   _system_post_cinit            
00003c2d  _system_pre_init              
20002744  _unlock                       
00003c31  abort                         
ffffffff  binit                         
20002100  bufferI                       
20002184  bufferQ                       
0000142d  clearPinInterrupt             
200026dc  clip_lvl                      
200026bc  clipping                      
000003c1  convolve                      
00003be5  copysign                      
00003be5  copysignl                     
20002214  count                         
20002208  dcI                           
2000220c  dcQ                           
200026a8  delta_phase                   
00001409  disablePinInterrupt           
00001141  disablePinPulldown            
000010f9  disablePinPullup              
00000e95  disablePort                   
000013e5  enablePinInterrupt            
0000111d  enablePinPulldown             
000010cb  enablePinPullup               
00000dd9  enablePort                    
20002758  errno                         
20002215  filter                        
000034f5  floor                         
00003795  floorf                        
000034f5  floorl                        
200026ac  freq_o                        
200026a0  frequency                     
00000000  g_pfnVectors                  
00002951  getFieldChar                  
00002911  getFieldInteger               
000029cb  getFieldString                
0000149b  getPinValue                   
00001551  getPortValue                  
00003125  getcUart0                     
000027b5  getsUart0                     
00003189  initSpi1                      
00003bc9  initSystemClockTo80Mhz        
00003025  initUart0                     
00003b9d  init_SysTick                  
20002000  input                         
0000396d  intHW                         
00002a57  isCommand                     
00003139  kbhitUart0                    
0000027b  ldac_off                      
0000026d  ldac_on                       
000032e9  ldexp                         
000032e9  ldexpl                        
000039ab  main                          
000035ed  memcpy                        
0000381d  memset                        
2000269c  mode                          
00000d13  mvToV                         
200026be  neg_clipping                  
00002831  parseFields                   
200026a4  phase                         
200026b4  phaseCosine                   
200026b0  phaseSine                     
000030dd  putcUart0                     
000030f9  putsUart0                     
00003b39  rand                          
20002210  rawI                          
20002212  rawQ                          
000032c3  readSpi1Data                  
0000388f  roundf                        
200026d8  sampleTick                    
200026d4  samplesPerSymbol              
000032e9  scalbn                        
000032e9  scalbnl                       
00000fff  selectPinAnalogInput          
00000fb1  selectPinDigitalInput         
0000131b  selectPinInterruptBothEdges   
000012cb  selectPinInterruptFallingEdge 
00001371  selectPinInterruptHighLevel   
000013ab  selectPinInterruptLowLevel    
0000127b  selectPinInterruptRisingEdge  
00000f63  selectPinOpenDrainOutput      
00000f15  selectPinPushPullOutput       
00000d41  sendDacI                      
00000d75  sendDacQ                      
00000289  setFilterStatus               
00000359  setPhase                      
00001169  setPinAuxFunction             
0000104f  setPinCommitControl           
00001451  setPinValue                   
000014d9  setPortValue                  
00003219  setSpi1BaudRate               
0000324f  setSpi1Mode                   
0000038d  setSymbolRate                 
00000335  setTransmitBuffer             
00003099  setUart0BaudRate              
00000bf5  set_clip                      
000022f9  shell                         
00001d19  sin                           
20000000  sineDacTable                  
00000c6d  sine_values                   
00001d19  sinl                          
00002991  stringToInt                   
200026d0  symbolRate                    
200026b8  theta                         
00001477  togglePinValue                
200026cc  txBitIndex                    
200026c0  txBuffer                      
200026c8  txByteIndex                   
200026c4  txLength                      
00000b81  voltageToDacCode              
0000029d  writeDacAB                    
000032ab  writeSpi1Data                 


GLOBAL SYMBOLS: SORTED BY Symbol Address 

address   name                          
-------   ----                          
00000000  __TI_static_base__            
00000000  g_pfnVectors                  
0000026d  ldac_on                       
0000027b  ldac_off                      
00000289  setFilterStatus               
0000029d  writeDacAB                    
00000335  setTransmitBuffer             
00000359  setPhase                      
0000038d  setSymbolRate                 
000003c1  convolve                      
00000400  __STACK_SIZE                  
000004c5  ISR                           
00000b81  voltageToDacCode              
00000bf5  set_clip                      
00000c6d  sine_values                   
00000d13  mvToV                         
00000d41  sendDacI                      
00000d75  sendDacQ                      
00000dd9  enablePort                    
00000e95  disablePort                   
00000f15  selectPinPushPullOutput       
00000f63  selectPinOpenDrainOutput      
00000fb1  selectPinDigitalInput         
00000fff  selectPinAnalogInput          
0000104f  setPinCommitControl           
000010cb  enablePinPullup               
000010f9  disablePinPullup              
0000111d  enablePinPulldown             
00001141  disablePinPulldown            
00001169  setPinAuxFunction             
0000127b  selectPinInterruptRisingEdge  
000012cb  selectPinInterruptFallingEdge 
0000131b  selectPinInterruptBothEdges   
00001371  selectPinInterruptHighLevel   
000013ab  selectPinInterruptLowLevel    
000013e5  enablePinInterrupt            
00001409  disablePinInterrupt           
0000142d  clearPinInterrupt             
00001451  setPinValue                   
00001477  togglePinValue                
0000149b  getPinValue                   
000014d9  setPortValue                  
00001551  getPortValue                  
000015e1  __kernel_rem_pio2             
00001d19  sin                           
00001d19  sinl                          
000022f9  shell                         
000027b5  getsUart0                     
00002831  parseFields                   
00002911  getFieldInteger               
00002951  getFieldChar                  
00002991  stringToInt                   
000029cb  getFieldString                
000029fd  LenOfStr                      
00002a21  Stringcmpr                    
00002a57  isCommand                     
00002ad5  HexToU32                      
00002b89  __aeabi_dsub                  
00002b93  __aeabi_dadd                  
00002d3f  _nop                          
00002d41  __kernel_sin                  
00002eb5  __kernel_cos                  
00003025  initUart0                     
00003099  setUart0BaudRate              
000030dd  putcUart0                     
000030f9  putsUart0                     
00003125  getcUart0                     
00003139  kbhitUart0                    
00003189  initSpi1                      
00003219  setSpi1BaudRate               
0000324f  setSpi1Mode                   
000032ab  writeSpi1Data                 
000032c3  readSpi1Data                  
000032e9  ldexp                         
000032e9  ldexpl                        
000032e9  scalbn                        
000032e9  scalbnl                       
000033f9  __aeabi_dmul                  
000034f5  floor                         
000034f5  floorl                        
000035ed  __aeabi_memcpy                
000035ed  __aeabi_memcpy4               
000035ed  __aeabi_memcpy8               
000035ed  memcpy                        
00003689  __aeabi_cdcmpeq               
00003689  __aeabi_cdcmple               
0000370f  __aeabi_cdrcmple              
00003795  floorf                        
00003815  __aeabi_memclr                
00003815  __aeabi_memclr4               
00003815  __aeabi_memclr8               
00003817  __aeabi_memset                
00003817  __aeabi_memset4               
00003817  __aeabi_memset8               
0000381d  memset                        
0000388f  roundf                        
000038fd  __aeabi_d2f                   
0000396d  intHW                         
000039ab  main                          
000039d9  __TI_decompress_lzss          
00003a41  __aeabi_d2iz                  
00003a89  __TI_auto_init_nobinit_nopinit
00003acd  __aeabi_f2d                   
00003b05  _c_int00_noargs               
00003b39  rand                          
00003b6d  __aeabi_i2d                   
00003b9d  init_SysTick                  
00003bc9  initSystemClockTo80Mhz        
00003be5  copysign                      
00003be5  copysignl                     
00003bff  __TI_decompress_none          
00003c0d  __TI_zero_init                
00003c19  ResetISR                      
00003c25  __aeabi_errno_addr            
00003c2d  _system_pre_init              
00003c31  C$$EXIT                       
00003c31  abort                         
00003e64  __TI_Handler_Table_Base       
00003e70  __TI_Handler_Table_Limit      
00003e78  __TI_CINIT_Base               
00003e88  __TI_CINIT_Limit              
20000000  __start___llvm_prf_cnts       
20000000  __stop___llvm_prf_cnts        
20000000  sineDacTable                  
20002000  input                         
20002100  bufferI                       
20002184  bufferQ                       
20002208  dcI                           
2000220c  dcQ                           
20002210  rawI                          
20002212  rawQ                          
20002214  count                         
20002215  filter                        
20002218  __stack                       
20002418  __STACK_TOP                   
20002618  RRCfilter                     
20002618  __STACK_END                   
2000269c  mode                          
200026a0  frequency                     
200026a4  phase                         
200026a8  delta_phase                   
200026ac  freq_o                        
200026b0  phaseSine                     
200026b4  phaseCosine                   
200026b8  theta                         
200026bc  clipping                      
200026be  neg_clipping                  
200026c0  txBuffer                      
200026c4  txLength                      
200026c8  txByteIndex                   
200026cc  txBitIndex                    
200026d0  symbolRate                    
200026d4  samplesPerSymbol              
200026d8  sampleTick                    
200026dc  clip_lvl                      
200026e0  Iqam                          
20002700  Qqam                          
20002720  Iepsk                         
20002730  Qepsk                         
20002740  _lock                         
20002744  _unlock                       
20002748  Iqpsk                         
20002750  Qqpsk                         
20002758  errno                         
ffffffff  __TI_pprof_out_hndl           
ffffffff  __TI_prof_data_size           
ffffffff  __TI_prof_data_start          
ffffffff  __binit__                     
ffffffff  __c_args__                    
ffffffff  binit                         
UNDEFED   __mpu_init                    
UNDEFED   _system_post_cinit            

[172 symbols]
