******************************************************************************
                  TI ARM Linker PC v20.2.7                     
******************************************************************************
>> Linked Fri Feb 20 15:02:06 2026

OUTPUT FILE NAME:   <wireless.out>
ENTRY POINT SYMBOL: "_c_int00_noargs"  address: 000037c1


MEMORY CONFIGURATION

         name            origin    length      used     unused   attr    fill
----------------------  --------  ---------  --------  --------  ----  --------
  FLASH                 00000000   00040000  00003aa0  0003c560  R  X
  SRAM                  20000000   00008000  00002330  00005cd0  RW X


SEGMENT ALLOCATION MAP

run origin  load origin   length   init length attrs members
----------  ----------- ---------- ----------- ----- -------
00000000    00000000    00003aa0   00003aa0    r-x
  00000000    00000000    0000026c   0000026c    r-- .intvecs
  0000026c    0000026c    00003664   00003664    r-x .text
  000038d0    000038d0    00000158   00000158    r-- .const
  00003a28    00003a28    00000078   00000078    r-- .cinit
20000000    20000000    00002334   00000000    rw-
  20000000    20000000    00002094   00000000    rw- .bss
  20002098    20002098    00000200   00000000    rw- .stack
  20002298    20002298    0000009c   00000000    rw- .data


SECTION ALLOCATION MAP

 output                                  attributes/
section   page    origin      length       input sections
--------  ----  ----------  ----------   ----------------
.intvecs   0    00000000    0000026c     
                  00000000    0000026c     tm4c123gh6pm_startup_ccs.obj (.intvecs)

.text      0    0000026c    00003664     
                  0000026c    00000808     gpio.obj (.text)
                  00000a74    00000774     wireless.obj (.text)
                  000011e8    00000738     rtsv7M4_T_le_v4SPD16_eabi.lib : k_rem_pio2.c.obj (.text:__kernel_rem_pio2)
                  00001920    000005e0                                   : s_sin.c.obj (.text:sin)
                  00001f00    00000584     shell_interface.obj (.text)
                  00002484    000003d4     interface_functions.obj (.text)
                  00002858    000001b6     rtsv7M4_T_le_v4SPD16_eabi.lib : fd_add_t2.asm.obj (.text)
                  00002a0e    00000002     --HOLE-- [fill = 0]
                  00002a10    00000174                                   : k_sin.c.obj (.text:__kernel_sin)
                  00002b84    00000170                                   : k_cos.c.obj (.text:__kernel_cos)
                  00002cf4    00000164     uart0.obj (.text)
                  00002e58    00000160     spi1.obj (.text)
                  00002fb8    00000110     rtsv7M4_T_le_v4SPD16_eabi.lib : s_scalbn.c.obj (.text:scalbn)
                  000030c8    000000fc                                   : fd_mul_t2.asm.obj (.text)
                  000031c4    000000f8                                   : s_floor.c.obj (.text:floor)
                  000032bc    0000009c                                   : memcpy_t2.asm.obj (.text)
                  00003358    00000086                                   : fd_cmp_t2.asm.obj (.text:__aeabi_cdcmple)
                  000033de    00000086                                   : fd_cmp_t2.asm.obj (.text:__aeabi_cdrcmple)
                  00003464    00000080                                   : s_floorf.c.obj (.text:floorf)
                  000034e4    0000007a                                   : memset_t2.asm.obj (.text)
                  0000355e    0000006e                                   : s_roundf.c.obj (.text:roundf)
                  000035cc    0000006e                                   : fd_tos_t2.asm.obj (.text)
                  0000363a    00000068                                   : copy_decompress_lzss.c.obj (.text:decompress:lzss:__TI_decompress_lzss)
                  000036a2    00000002     --HOLE-- [fill = 0]
                  000036a4    00000058     main.obj (.text)
                  000036fc    00000048     rtsv7M4_T_le_v4SPD16_eabi.lib : fd_toi_t2.asm.obj (.text)
                  00003744    00000044                                   : autoinit.c.obj (.text:__TI_auto_init_nobinit_nopinit:__TI_auto_init_nobinit_nopinit)
                  00003788    00000038                                   : fs_tod_t2.asm.obj (.text)
                  000037c0    00000034                                   : boot_cortex_m.c.obj (.text:_c_int00_noargs:_c_int00_noargs)
                  000037f4    0000002e                                   : i_tofd_t2.asm.obj (.text)
                  00003822    00000002     --HOLE-- [fill = 0]
                  00003824    0000002c     systick.obj (.text)
                  00003850    0000001e     rtsv7M4_T_le_v4SPD16_eabi.lib : ll_lsr_t2.asm.obj (.text)
                  0000386e    0000001a                                   : s_copysign.c.obj (.text:copysign)
                  00003888    00000010     clock.obj (.text)
                  00003898    0000000e     rtsv7M4_T_le_v4SPD16_eabi.lib : copy_decompress_none.c.obj (.text:decompress:none:__TI_decompress_none)
                  000038a6    0000000c                                   : copy_zero_init.c.obj (.text:decompress:ZI:__TI_zero_init)
                  000038b2    0000000c     tm4c123gh6pm_startup_ccs.obj (.text)
                  000038be    00000002     --HOLE-- [fill = 0]
                  000038c0    00000008     rtsv7M4_T_le_v4SPD16_eabi.lib : errno.c.obj (.text:__aeabi_errno_addr)
                  000038c8    00000004                                   : pre_init.c.obj (.text:_system_pre_init)
                  000038cc    00000004                                   : exit.c.obj (.text:abort:abort)

.const     0    000038d0    00000158     
                  000038d0    00000158     rtsv7M4_T_le_v4SPD16_eabi.lib : k_rem_pio2.c.obj (.const:$O1$$)

.cinit     0    00003a28    00000078     
                  00003a28    0000004e     (.cinit..data.load) [load image, compression = lzss]
                  00003a76    00000002     --HOLE-- [fill = 0]
                  00003a78    0000000c     (__TI_handler_table)
                  00003a84    00000004     --HOLE-- [fill = 0]
                  00003a88    00000008     (.cinit..bss.load) [load image, compression = zero_init]
                  00003a90    00000010     (__TI_cinit_table)

.init_array 
*          0    00000000    00000000     UNINITIALIZED

.bss       0    20000000    00002094     UNINITIALIZED
                  20000000    00002000     (.common:sineDacTable)
                  20002000    00000040     (.common:StoredBpsk)
                  20002040    00000020     (.common:StoredQpsk)
                  20002060    00000018     (.common:StoredEpsk)
                  20002078    00000010     (.common:StoredQam)
                  20002088    00000004     (.common:dcI)
                  2000208c    00000004     (.common:dcQ)
                  20002090    00000002     (.common:rawI)
                  20002092    00000002     (.common:rawQ)

.data      0    20002298    0000009c     UNINITIALIZED
                  20002298    00000027     wireless.obj (.data)
                  200022bf    00000001     --HOLE--
                  200022c0    00000020     wireless.obj (.data:Iqam)
                  200022e0    00000020     wireless.obj (.data:Qqam)
                  20002300    00000010     wireless.obj (.data:Iepsk)
                  20002310    00000010     wireless.obj (.data:Qepsk)
                  20002320    00000008     wireless.obj (.data:Iqpsk)
                  20002328    00000008     wireless.obj (.data:Qqpsk)
                  20002330    00000004     rtsv7M4_T_le_v4SPD16_eabi.lib : errno.c.obj (.data)

.stack     0    20002098    00000200     UNINITIALIZED
                  20002098    00000004     rtsv7M4_T_le_v4SPD16_eabi.lib : boot_cortex_m.c.obj (.stack)
                  2000209c    000001fc     --HOLE--

__llvm_prf_cnts 
*          0    20000000    00000000     UNINITIALIZED

MODULE SUMMARY

       Module                         code    ro data   rw data
       ------                         ----    -------   -------
    .\
       wireless.obj                   1908    0         8491   
       gpio.obj                       2056    0         0      
       shell_interface.obj            1412    0         0      
       interface_functions.obj        980     0         0      
       tm4c123gh6pm_startup_ccs.obj   12      620       0      
       uart0.obj                      356     0         0      
       spi1.obj                       352     0         0      
       main.obj                       88      0         0      
       systick.obj                    44      0         0      
       clock.obj                      16      0         0      
    +--+------------------------------+-------+---------+---------+
       Total:                         7224    620       8491   
                                                               
    C:\ti\ccs1281\ccs\tools\compiler\ti-cgt-arm_20.2.7.LTS\lib\rtsv7M4_T_le_v4SPD16_eabi.lib
       k_rem_pio2.c.obj               1848    344       0      
       s_sin.c.obj                    1504    0         0      
       fd_add_t2.asm.obj              438     0         0      
       k_sin.c.obj                    372     0         0      
       k_cos.c.obj                    368     0         0      
       s_scalbn.c.obj                 272     0         0      
       fd_cmp_t2.asm.obj              268     0         0      
       fd_mul_t2.asm.obj              252     0         0      
       s_floor.c.obj                  248     0         0      
       memcpy_t2.asm.obj              156     0         0      
       s_floorf.c.obj                 128     0         0      
       memset_t2.asm.obj              122     0         0      
       fd_tos_t2.asm.obj              110     0         0      
       s_roundf.c.obj                 110     0         0      
       copy_decompress_lzss.c.obj     104     0         0      
       fd_toi_t2.asm.obj              72      0         0      
       autoinit.c.obj                 68      0         0      
       fs_tod_t2.asm.obj              56      0         0      
       boot_cortex_m.c.obj            52      0         0      
       i_tofd_t2.asm.obj              46      0         0      
       ll_lsr_t2.asm.obj              30      0         0      
       s_copysign.c.obj               26      0         0      
       copy_decompress_none.c.obj     14      0         0      
       copy_zero_init.c.obj           12      0         0      
       errno.c.obj                    8       0         4      
       exit.c.obj                     4       0         0      
       pre_init.c.obj                 4       0         0      
    +--+------------------------------+-------+---------+---------+
       Total:                         6692    344       4      
                                                               
       Stack:                         0       0         512    
       Linker Generated:              0       114       0      
    +--+------------------------------+-------+---------+---------+
       Grand Total:                   13916   1078      9007   


LINKER GENERATED COPY TABLES

__TI_cinit_table @ 00003a90 records: 2, size/record: 8, table size: 16
	.data: load addr=00003a28, load size=0000004e bytes, run addr=20002298, run size=0000009c bytes, compression=lzss
	.bss: load addr=00003a88, load size=00000008 bytes, run addr=20000000, run size=00002094 bytes, compression=zero_init


LINKER GENERATED HANDLER TABLE

__TI_handler_table @ 00003a78 records: 3, size/record: 4, table size: 12
	index: 0, handler: __TI_decompress_lzss
	index: 1, handler: __TI_decompress_none
	index: 2, handler: __TI_zero_init


GLOBAL SYMBOLS: SORTED ALPHABETICALLY BY Name 

address   name                          
-------   ----                          
000038cd  C$$EXIT                       
000027a5  HexToU32                      
00000b09  ISR                           
20002300  Iepsk                         
200022c0  Iqam                          
20002320  Iqpsk                         
000026cd  LenOfStr                      
20002310  Qepsk                         
200022e0  Qqam                          
20002328  Qqpsk                         
2000229e  ReadConstellation             
000038b3  ResetISR                      
20002000  StoredBpsk                    
20002060  StoredEpsk                    
20002078  StoredQam                     
20002040  StoredQpsk                    
000026f1  Stringcmpr                    
2000229a  SymbolCount                   
20002298  SymbolStored                  
20002298  __STACK_END                   
00000200  __STACK_SIZE                  
20002298  __STACK_TOP                   
00003a90  __TI_CINIT_Base               
00003aa0  __TI_CINIT_Limit              
00003a78  __TI_Handler_Table_Base       
00003a84  __TI_Handler_Table_Limit      
00003745  __TI_auto_init_nobinit_nopinit
0000363b  __TI_decompress_lzss          
00003899  __TI_decompress_none          
ffffffff  __TI_pprof_out_hndl           
ffffffff  __TI_prof_data_size           
ffffffff  __TI_prof_data_start          
00000000  __TI_static_base__            
000038a7  __TI_zero_init                
00003359  __aeabi_cdcmpeq               
00003359  __aeabi_cdcmple               
000033df  __aeabi_cdrcmple              
000035cd  __aeabi_d2f                   
000036fd  __aeabi_d2iz                  
00002863  __aeabi_dadd                  
000030c9  __aeabi_dmul                  
00002859  __aeabi_dsub                  
000038c1  __aeabi_errno_addr            
00003789  __aeabi_f2d                   
000037f5  __aeabi_i2d                   
00003851  __aeabi_llsr                  
000034e5  __aeabi_memclr                
000034e5  __aeabi_memclr4               
000034e5  __aeabi_memclr8               
000032bd  __aeabi_memcpy                
000032bd  __aeabi_memcpy4               
000032bd  __aeabi_memcpy8               
000034e7  __aeabi_memset                
000034e7  __aeabi_memset4               
000034e7  __aeabi_memset8               
ffffffff  __binit__                     
ffffffff  __c_args__                    
00002b85  __kernel_cos                  
000011e9  __kernel_rem_pio2             
00002a11  __kernel_sin                  
UNDEFED   __mpu_init                    
20002098  __stack                       
20000000  __start___llvm_prf_cnts       
20000000  __stop___llvm_prf_cnts        
000037c1  _c_int00_noargs               
UNDEFED   _system_post_cinit            
000038c9  _system_pre_init              
000038cd  abort                         
ffffffff  binit                         
00000f4d  bitSymbol                     
200022a0  bpskSymbol                    
000008c1  clearPinInterrupt             
0000386f  copysign                      
0000386f  copysignl                     
20002088  dcI                           
2000208c  dcQ                           
200022ac  delta_phase                   
0000089d  disablePinInterrupt           
000005d5  disablePinPulldown            
0000058d  disablePinPullup              
00000329  disablePort                   
00000879  enablePinInterrupt            
000005b1  enablePinPulldown             
0000055f  enablePinPullup               
0000026d  enablePort                    
20002330  errno                         
000031c5  floor                         
00003465  floorf                        
000031c5  floorl                        
200022b0  freq_o                        
200022a4  frequency                     
00000000  g_pfnVectors                  
00002621  getFieldChar                  
000025e1  getFieldInteger               
0000269b  getFieldString                
0000092f  getPinValue                   
000009e5  getPortValue                  
00002df5  getcUart0                     
00002485  getsUart0                     
00002e59  initSpi1                      
00003889  initSystemClockTo40Mhz        
00002cf5  initUart0                     
00003825  init_SysTick                  
000036a5  intHW                         
00002727  isCommand                     
00002e09  kbhitUart0                    
00000ab7  ldac_off                      
00000aa9  ldac_on                       
00002fb9  ldexp                         
00002fb9  ldexpl                        
000036e3  main                          
000032bd  memcpy                        
000034ed  memset                        
2000229c  mode                          
00000e8d  mvToV                         
00001081  numberTransmitted             
00002501  parseFields                   
200022a8  phase                         
200022b8  phaseCosine                   
200022b4  phaseSine                     
00002dad  putcUart0                     
00002dc9  putsUart0                     
20002090  rawI                          
20002092  rawQ                          
00002f93  readSpi1Data                  
0000355f  roundf                        
00002fb9  scalbn                        
00002fb9  scalbnl                       
00000493  selectPinAnalogInput          
00000445  selectPinDigitalInput         
000007af  selectPinInterruptBothEdges   
0000075f  selectPinInterruptFallingEdge 
00000805  selectPinInterruptHighLevel   
0000083f  selectPinInterruptLowLevel    
0000070f  selectPinInterruptRisingEdge  
000003f7  selectPinOpenDrainOutput      
000003a9  selectPinPushPullOutput       
00000ec1  sendDacI                      
00000ef5  sendDacQ                      
00000a75  setPhase                      
000005fd  setPinAuxFunction             
000004e3  setPinCommitControl           
000008e5  setPinValue                   
0000096d  setPortValue                  
00002ee9  setSpi1BaudRate               
00002f1f  setSpi1Mode                   
00002d69  setUart0BaudRate              
00001f01  shell                         
00001921  sin                           
20000000  sineDacTable                  
00000dd9  sine_values                   
00001921  sinl                          
00002661  stringToInt                   
0000090b  togglePinValue                
00000d59  voltageToDacCode              
00000ac5  writeDacAB                    
00002f7b  writeSpi1Data                 


GLOBAL SYMBOLS: SORTED BY Symbol Address 

address   name                          
-------   ----                          
00000000  __TI_static_base__            
00000000  g_pfnVectors                  
00000200  __STACK_SIZE                  
0000026d  enablePort                    
00000329  disablePort                   
000003a9  selectPinPushPullOutput       
000003f7  selectPinOpenDrainOutput      
00000445  selectPinDigitalInput         
00000493  selectPinAnalogInput          
000004e3  setPinCommitControl           
0000055f  enablePinPullup               
0000058d  disablePinPullup              
000005b1  enablePinPulldown             
000005d5  disablePinPulldown            
000005fd  setPinAuxFunction             
0000070f  selectPinInterruptRisingEdge  
0000075f  selectPinInterruptFallingEdge 
000007af  selectPinInterruptBothEdges   
00000805  selectPinInterruptHighLevel   
0000083f  selectPinInterruptLowLevel    
00000879  enablePinInterrupt            
0000089d  disablePinInterrupt           
000008c1  clearPinInterrupt             
000008e5  setPinValue                   
0000090b  togglePinValue                
0000092f  getPinValue                   
0000096d  setPortValue                  
000009e5  getPortValue                  
00000a75  setPhase                      
00000aa9  ldac_on                       
00000ab7  ldac_off                      
00000ac5  writeDacAB                    
00000b09  ISR                           
00000d59  voltageToDacCode              
00000dd9  sine_values                   
00000e8d  mvToV                         
00000ec1  sendDacI                      
00000ef5  sendDacQ                      
00000f4d  bitSymbol                     
00001081  numberTransmitted             
000011e9  __kernel_rem_pio2             
00001921  sin                           
00001921  sinl                          
00001f01  shell                         
00002485  getsUart0                     
00002501  parseFields                   
000025e1  getFieldInteger               
00002621  getFieldChar                  
00002661  stringToInt                   
0000269b  getFieldString                
000026cd  LenOfStr                      
000026f1  Stringcmpr                    
00002727  isCommand                     
000027a5  HexToU32                      
00002859  __aeabi_dsub                  
00002863  __aeabi_dadd                  
00002a11  __kernel_sin                  
00002b85  __kernel_cos                  
00002cf5  initUart0                     
00002d69  setUart0BaudRate              
00002dad  putcUart0                     
00002dc9  putsUart0                     
00002df5  getcUart0                     
00002e09  kbhitUart0                    
00002e59  initSpi1                      
00002ee9  setSpi1BaudRate               
00002f1f  setSpi1Mode                   
00002f7b  writeSpi1Data                 
00002f93  readSpi1Data                  
00002fb9  ldexp                         
00002fb9  ldexpl                        
00002fb9  scalbn                        
00002fb9  scalbnl                       
000030c9  __aeabi_dmul                  
000031c5  floor                         
000031c5  floorl                        
000032bd  __aeabi_memcpy                
000032bd  __aeabi_memcpy4               
000032bd  __aeabi_memcpy8               
000032bd  memcpy                        
00003359  __aeabi_cdcmpeq               
00003359  __aeabi_cdcmple               
000033df  __aeabi_cdrcmple              
00003465  floorf                        
000034e5  __aeabi_memclr                
000034e5  __aeabi_memclr4               
000034e5  __aeabi_memclr8               
000034e7  __aeabi_memset                
000034e7  __aeabi_memset4               
000034e7  __aeabi_memset8               
000034ed  memset                        
0000355f  roundf                        
000035cd  __aeabi_d2f                   
0000363b  __TI_decompress_lzss          
000036a5  intHW                         
000036e3  main                          
000036fd  __aeabi_d2iz                  
00003745  __TI_auto_init_nobinit_nopinit
00003789  __aeabi_f2d                   
000037c1  _c_int00_noargs               
000037f5  __aeabi_i2d                   
00003825  init_SysTick                  
00003851  __aeabi_llsr                  
0000386f  copysign                      
0000386f  copysignl                     
00003889  initSystemClockTo40Mhz        
00003899  __TI_decompress_none          
000038a7  __TI_zero_init                
000038b3  ResetISR                      
000038c1  __aeabi_errno_addr            
000038c9  _system_pre_init              
000038cd  C$$EXIT                       
000038cd  abort                         
00003a78  __TI_Handler_Table_Base       
00003a84  __TI_Handler_Table_Limit      
00003a90  __TI_CINIT_Base               
00003aa0  __TI_CINIT_Limit              
20000000  __start___llvm_prf_cnts       
20000000  __stop___llvm_prf_cnts        
20000000  sineDacTable                  
20002000  StoredBpsk                    
20002040  StoredQpsk                    
20002060  StoredEpsk                    
20002078  StoredQam                     
20002088  dcI                           
2000208c  dcQ                           
20002090  rawI                          
20002092  rawQ                          
20002098  __stack                       
20002298  SymbolStored                  
20002298  __STACK_END                   
20002298  __STACK_TOP                   
2000229a  SymbolCount                   
2000229c  mode                          
2000229e  ReadConstellation             
200022a0  bpskSymbol                    
200022a4  frequency                     
200022a8  phase                         
200022ac  delta_phase                   
200022b0  freq_o                        
200022b4  phaseSine                     
200022b8  phaseCosine                   
200022c0  Iqam                          
200022e0  Qqam                          
20002300  Iepsk                         
20002310  Qepsk                         
20002320  Iqpsk                         
20002328  Qqpsk                         
20002330  errno                         
ffffffff  __TI_pprof_out_hndl           
ffffffff  __TI_prof_data_size           
ffffffff  __TI_prof_data_start          
ffffffff  __binit__                     
ffffffff  __c_args__                    
ffffffff  binit                         
UNDEFED   __mpu_init                    
UNDEFED   _system_post_cinit            

[157 symbols]
